Archive member included to satisfy reference by file (symbol)

/opt/st/stm32cubeide_1.5.1/plugins/com.st.stm32cube.ide.mcu.externaltools.gnu-tools-for-stm32.7-2018-q2-update.linux64_1.5.0.202011040924/tools/bin/../lib/gcc/arm-none-eabi/7.3.1/../../../../arm-none-eabi/lib/thumb/v7e-m/fpv4-sp/hard/libc_nano.a(lib_a-errno.o)
                              Core/Src/syscalls.o (__errno)
/opt/st/stm32cubeide_1.5.1/plugins/com.st.stm32cube.ide.mcu.externaltools.gnu-tools-for-stm32.7-2018-q2-update.linux64_1.5.0.202011040924/tools/bin/../lib/gcc/arm-none-eabi/7.3.1/../../../../arm-none-eabi/lib/thumb/v7e-m/fpv4-sp/hard/libc_nano.a(lib_a-exit.o)
                              /opt/st/stm32cubeide_1.5.1/plugins/com.st.stm32cube.ide.mcu.externaltools.gnu-tools-for-stm32.7-2018-q2-update.linux64_1.5.0.202011040924/tools/bin/../lib/gcc/arm-none-eabi/7.3.1/../../../../arm-none-eabi/lib/thumb/v7e-m/fpv4-sp/hard/crt0.o (exit)
/opt/st/stm32cubeide_1.5.1/plugins/com.st.stm32cube.ide.mcu.externaltools.gnu-tools-for-stm32.7-2018-q2-update.linux64_1.5.0.202011040924/tools/bin/../lib/gcc/arm-none-eabi/7.3.1/../../../../arm-none-eabi/lib/thumb/v7e-m/fpv4-sp/hard/libc_nano.a(lib_a-impure.o)
                              /opt/st/stm32cubeide_1.5.1/plugins/com.st.stm32cube.ide.mcu.externaltools.gnu-tools-for-stm32.7-2018-q2-update.linux64_1.5.0.202011040924/tools/bin/../lib/gcc/arm-none-eabi/7.3.1/../../../../arm-none-eabi/lib/thumb/v7e-m/fpv4-sp/hard/libc_nano.a(lib_a-exit.o) (_global_impure_ptr)
/opt/st/stm32cubeide_1.5.1/plugins/com.st.stm32cube.ide.mcu.externaltools.gnu-tools-for-stm32.7-2018-q2-update.linux64_1.5.0.202011040924/tools/bin/../lib/gcc/arm-none-eabi/7.3.1/../../../../arm-none-eabi/lib/thumb/v7e-m/fpv4-sp/hard/libc_nano.a(lib_a-init.o)
                              /opt/st/stm32cubeide_1.5.1/plugins/com.st.stm32cube.ide.mcu.externaltools.gnu-tools-for-stm32.7-2018-q2-update.linux64_1.5.0.202011040924/tools/bin/../lib/gcc/arm-none-eabi/7.3.1/../../../../arm-none-eabi/lib/thumb/v7e-m/fpv4-sp/hard/crt0.o (__libc_init_array)
/opt/st/stm32cubeide_1.5.1/plugins/com.st.stm32cube.ide.mcu.externaltools.gnu-tools-for-stm32.7-2018-q2-update.linux64_1.5.0.202011040924/tools/bin/../lib/gcc/arm-none-eabi/7.3.1/../../../../arm-none-eabi/lib/thumb/v7e-m/fpv4-sp/hard/libc_nano.a(lib_a-memcpy-stub.o)
                              FreeRTOS/queue.o (memcpy)
/opt/st/stm32cubeide_1.5.1/plugins/com.st.stm32cube.ide.mcu.externaltools.gnu-tools-for-stm32.7-2018-q2-update.linux64_1.5.0.202011040924/tools/bin/../lib/gcc/arm-none-eabi/7.3.1/../../../../arm-none-eabi/lib/thumb/v7e-m/fpv4-sp/hard/libc_nano.a(lib_a-memset.o)
                              /opt/st/stm32cubeide_1.5.1/plugins/com.st.stm32cube.ide.mcu.externaltools.gnu-tools-for-stm32.7-2018-q2-update.linux64_1.5.0.202011040924/tools/bin/../lib/gcc/arm-none-eabi/7.3.1/../../../../arm-none-eabi/lib/thumb/v7e-m/fpv4-sp/hard/crt0.o (memset)
/opt/st/stm32cubeide_1.5.1/plugins/com.st.stm32cube.ide.mcu.externaltools.gnu-tools-for-stm32.7-2018-q2-update.linux64_1.5.0.202011040924/tools/bin/../lib/gcc/arm-none-eabi/7.3.1/../../../../arm-none-eabi/lib/thumb/v7e-m/fpv4-sp/hard/libc_nano.a(lib_a-strlen.o)
                              Core/Src/main.o (strlen)
/opt/st/stm32cubeide_1.5.1/plugins/com.st.stm32cube.ide.mcu.externaltools.gnu-tools-for-stm32.7-2018-q2-update.linux64_1.5.0.202011040924/tools/bin/../lib/gcc/arm-none-eabi/7.3.1/thumb/v7e-m/fpv4-sp/hard/libgcc.a(_aeabi_uldivmod.o)
                              Drivers/STM32F4xx_HAL_Driver/Src/stm32f4xx_hal_rcc.o (__aeabi_uldivmod)
/opt/st/stm32cubeide_1.5.1/plugins/com.st.stm32cube.ide.mcu.externaltools.gnu-tools-for-stm32.7-2018-q2-update.linux64_1.5.0.202011040924/tools/bin/../lib/gcc/arm-none-eabi/7.3.1/thumb/v7e-m/fpv4-sp/hard/libgcc.a(_udivmoddi4.o)
                              /opt/st/stm32cubeide_1.5.1/plugins/com.st.stm32cube.ide.mcu.externaltools.gnu-tools-for-stm32.7-2018-q2-update.linux64_1.5.0.202011040924/tools/bin/../lib/gcc/arm-none-eabi/7.3.1/thumb/v7e-m/fpv4-sp/hard/libgcc.a(_aeabi_uldivmod.o) (__udivmoddi4)
/opt/st/stm32cubeide_1.5.1/plugins/com.st.stm32cube.ide.mcu.externaltools.gnu-tools-for-stm32.7-2018-q2-update.linux64_1.5.0.202011040924/tools/bin/../lib/gcc/arm-none-eabi/7.3.1/thumb/v7e-m/fpv4-sp/hard/libgcc.a(_dvmd_tls.o)
                              /opt/st/stm32cubeide_1.5.1/plugins/com.st.stm32cube.ide.mcu.externaltools.gnu-tools-for-stm32.7-2018-q2-update.linux64_1.5.0.202011040924/tools/bin/../lib/gcc/arm-none-eabi/7.3.1/thumb/v7e-m/fpv4-sp/hard/libgcc.a(_aeabi_uldivmod.o) (__aeabi_ldiv0)

Allocating common symbols
Common symbol       size              file

xSemaphore          0x4               Core/Src/main.o
uwTick              0x4               Drivers/STM32F4xx_HAL_Driver/Src/stm32f4xx_hal.o
xQueueRegistry      0x40              FreeRTOS/queue.o
pFlash              0x20              Drivers/STM32F4xx_HAL_Driver/Src/stm32f4xx_hal_flash.o
cRxBuffer           0x64              Core/Src/main.o
[...]
Memory Configuration

Name             Origin             Length             Attributes
CCMRAM           0x0000000010000000 0x0000000000010000 xrw
RAM              0x0000000020000000 0x0000000000020000 xrw
FLASH            0x0000000008000000 0x0000000000100000 xr
*default*        0x0000000000000000 0xffffffffffffffff

Linker script and memory map

LOAD /opt/st/stm32cubeide_1.5.1/plugins/com.st.stm32cube.ide.mcu.externaltools.gnu-tools-for-stm32.7-2018-q2-update.linux64_1.5.0.202011040924/tools/bin/../lib/gcc/arm-none-eabi/7.3.1/thumb/v7e-m/fpv4-sp/hard/crti.o
LOAD /opt/st/stm32cubeide_1.5.1/plugins/com.st.stm32cube.ide.mcu.externaltools.gnu-tools-for-stm32.7-2018-q2-update.linux64_1.5.0.202011040924/tools/bin/../lib/gcc/arm-none-eabi/7.3.1/thumb/v7e-m/fpv4-sp/hard/crtbegin.o
LOAD /opt/st/stm32cubeide_1.5.1/plugins/com.st.stm32cube.ide.mcu.externaltools.gnu-tools-for-stm32.7-2018-q2-update.linux64_1.5.0.202011040924/tools/bin/../lib/gcc/arm-none-eabi/7.3.1/../../../../arm-none-eabi/lib/thumb/v7e-m/fpv4-sp/hard/crt0.o
LOAD Core/Src/main.o
LOAD Core/Src/stm32f4xx_hal_msp.o
LOAD Core/Src/stm32f4xx_hal_timebase_tim.o
LOAD Core/Src/stm32f4xx_it.o
LOAD Core/Src/syscalls.o
LOAD Core/Src/sysmem.o
LOAD Core/Src/system_stm32f4xx.o
LOAD Core/Startup/startup_stm32f407vgtx.o
LOAD Drivers/STM32F4xx_HAL_Driver/Src/stm32f4xx_hal.o
LOAD Drivers/STM32F4xx_HAL_Driver/Src/stm32f4xx_hal_cortex.o
LOAD Drivers/STM32F4xx_HAL_Driver/Src/stm32f4xx_hal_dma.o
LOAD Drivers/STM32F4xx_HAL_Driver/Src/stm32f4xx_hal_dma_ex.o
LOAD Drivers/STM32F4xx_HAL_Driver/Src/stm32f4xx_hal_exti.o
LOAD Drivers/STM32F4xx_HAL_Driver/Src/stm32f4xx_hal_flash.o
LOAD Drivers/STM32F4xx_HAL_Driver/Src/stm32f4xx_hal_flash_ex.o
LOAD Drivers/STM32F4xx_HAL_Driver/Src/stm32f4xx_hal_flash_ramfunc.o
LOAD Drivers/STM32F4xx_HAL_Driver/Src/stm32f4xx_hal_gpio.o
LOAD Drivers/STM32F4xx_HAL_Driver/Src/stm32f4xx_hal_pwr.o
LOAD Drivers/STM32F4xx_HAL_Driver/Src/stm32f4xx_hal_pwr_ex.o
LOAD Drivers/STM32F4xx_HAL_Driver/Src/stm32f4xx_hal_rcc.o
LOAD Drivers/STM32F4xx_HAL_Driver/Src/stm32f4xx_hal_rcc_ex.o
LOAD Drivers/STM32F4xx_HAL_Driver/Src/stm32f4xx_hal_spi.o
LOAD Drivers/STM32F4xx_HAL_Driver/Src/stm32f4xx_hal_tim.o
LOAD Drivers/STM32F4xx_HAL_Driver/Src/stm32f4xx_hal_tim_ex.o
LOAD Drivers/STM32F4xx_HAL_Driver/Src/stm32f4xx_hal_uart.o
LOAD FreeRTOS/croutine.o
LOAD FreeRTOS/event_groups.o
LOAD FreeRTOS/list.o
LOAD FreeRTOS/queue.o
LOAD FreeRTOS/stream_buffer.o
LOAD FreeRTOS/tasks.o
LOAD FreeRTOS/timers.o
LOAD FreeRTOS/portable/ARM_CM4F/port.o
LOAD FreeRTOS/portable/MemMang/heap_4.o
START GROUP
LOAD /opt/st/stm32cubeide_1.5.1/plugins/com.st.stm32cube.ide.mcu.externaltools.gnu-tools-for-stm32.7-2018-q2-update.linux64_1.5.0.202011040924/tools/bin/../lib/gcc/arm-none-eabi/7.3.1/../../../../arm-none-eabi/lib/thumb/v7e-m/fpv4-sp/hard/libc_nano.a
LOAD /opt/st/stm32cubeide_1.5.1/plugins/com.st.stm32cube.ide.mcu.externaltools.gnu-tools-for-stm32.7-2018-q2-update.linux64_1.5.0.202011040924/tools/bin/../lib/gcc/arm-none-eabi/7.3.1/../../../../arm-none-eabi/lib/thumb/v7e-m/fpv4-sp/hard/libm.a
END GROUP
START GROUP
LOAD /opt/st/stm32cubeide_1.5.1/plugins/com.st.stm32cube.ide.mcu.externaltools.gnu-tools-for-stm32.7-2018-q2-update.linux64_1.5.0.202011040924/tools/bin/../lib/gcc/arm-none-eabi/7.3.1/thumb/v7e-m/fpv4-sp/hard/libgcc.a
LOAD /opt/st/stm32cubeide_1.5.1/plugins/com.st.stm32cube.ide.mcu.externaltools.gnu-tools-for-stm32.7-2018-q2-update.linux64_1.5.0.202011040924/tools/bin/../lib/gcc/arm-none-eabi/7.3.1/../../../../arm-none-eabi/lib/thumb/v7e-m/fpv4-sp/hard/libc_nano.a
END GROUP
START GROUP
LOAD /opt/st/stm32cubeide_1.5.1/plugins/com.st.stm32cube.ide.mcu.externaltools.gnu-tools-for-stm32.7-2018-q2-update.linux64_1.5.0.202011040924/tools/bin/../lib/gcc/arm-none-eabi/7.3.1/thumb/v7e-m/fpv4-sp/hard/libgcc.a
LOAD /opt/st/stm32cubeide_1.5.1/plugins/com.st.stm32cube.ide.mcu.externaltools.gnu-tools-for-stm32.7-2018-q2-update.linux64_1.5.0.202011040924/tools/bin/../lib/gcc/arm-none-eabi/7.3.1/../../../../arm-none-eabi/lib/thumb/v7e-m/fpv4-sp/hard/libc_nano.a
LOAD /opt/st/stm32cubeide_1.5.1/plugins/com.st.stm32cube.ide.mcu.externaltools.gnu-tools-for-stm32.7-2018-q2-update.linux64_1.5.0.202011040924/tools/bin/../lib/gcc/arm-none-eabi/7.3.1/../../../../arm-none-eabi/lib/thumb/v7e-m/fpv4-sp/hard/libnosys.a
END GROUP
START GROUP
LOAD /opt/st/stm32cubeide_1.5.1/plugins/com.st.stm32cube.ide.mcu.externaltools.gnu-tools-for-stm32.7-2018-q2-update.linux64_1.5.0.202011040924/tools/bin/../lib/gcc/arm-none-eabi/7.3.1/thumb/v7e-m/fpv4-sp/hard/libgcc.a
LOAD /opt/st/stm32cubeide_1.5.1/plugins/com.st.stm32cube.ide.mcu.externaltools.gnu-tools-for-stm32.7-2018-q2-update.linux64_1.5.0.202011040924/tools/bin/../lib/gcc/arm-none-eabi/7.3.1/../../../../arm-none-eabi/lib/thumb/v7e-m/fpv4-sp/hard/libc_nano.a
LOAD /opt/st/stm32cubeide_1.5.1/plugins/com.st.stm32cube.ide.mcu.externaltools.gnu-tools-for-stm32.7-2018-q2-update.linux64_1.5.0.202011040924/tools/bin/../lib/gcc/arm-none-eabi/7.3.1/../../../../arm-none-eabi/lib/thumb/v7e-m/fpv4-sp/hard/libnosys.a
END GROUP
LOAD /opt/st/stm32cubeide_1.5.1/plugins/com.st.stm32cube.ide.mcu.externaltools.gnu-tools-for-stm32.7-2018-q2-update.linux64_1.5.0.202011040924/tools/bin/../lib/gcc/arm-none-eabi/7.3.1/thumb/v7e-m/fpv4-sp/hard/crtend.o
LOAD /opt/st/stm32cubeide_1.5.1/plugins/com.st.stm32cube.ide.mcu.externaltools.gnu-tools-for-stm32.7-2018-q2-update.linux64_1.5.0.202011040924/tools/bin/../lib/gcc/arm-none-eabi/7.3.1/thumb/v7e-m/fpv4-sp/hard/crtn.o
                0x0000000020020000                _estack = (ORIGIN (RAM) + LENGTH (RAM))
                0x0000000000000200                _Min_Heap_Size = 0x200
                0x0000000000000400                _Min_Stack_Size = 0x400

.isr_vector     0x0000000008000000      0x188
                0x0000000008000000                . = ALIGN (0x4)
 *(.isr_vector)
 .isr_vector    0x0000000008000000      0x188 Core/Startup/startup_stm32f407vgtx.o
                0x0000000008000000                g_pfnVectors
                0x0000000008000188                . = ALIGN (0x4)

.text           0x0000000008000190     0x6774
                0x0000000008000190                . = ALIGN (0x4)
 *(.text)
 .text          0x0000000008000190       0x40 /opt/st/stm32cubeide_1.5.1/plugins/com.st.stm32cube.ide.mcu.externaltools.gnu-tools-for-stm32.7-2018-q2-update.linux64_1.5.0.202011040924/tools/bin/../lib/gcc/arm-none-eabi/7.3.1/thumb/v7e-m/fpv4-sp/hard/crtbegin.o
 .text          0x00000000080001d0       0x10 /opt/st/stm32cubeide_1.5.1/plugins/com.st.stm32cube.ide.mcu.externaltools.gnu-tools-for-stm32.7-2018-q2-update.linux64_1.5.0.202011040924/tools/bin/../lib/gcc/arm-none-eabi/7.3.1/../../../../arm-none-eabi/lib/thumb/v7e-m/fpv4-sp/hard/libc_nano.a(lib_a-strlen.o)
                0x00000000080001d0                strlen
 .text          0x00000000080001e0       0x30 /opt/st/stm32cubeide_1.5.1/plugins/com.st.stm32cube.ide.mcu.externaltools.gnu-tools-for-stm32.7-2018-q2-update.linux64_1.5.0.202011040924/tools/bin/../lib/gcc/arm-none-eabi/7.3.1/thumb/v7e-m/fpv4-sp/hard/libgcc.a(_aeabi_uldivmod.o)
                0x00000000080001e0                __aeabi_uldivmod
 .text          0x0000000008000210      0x2cc /opt/st/stm32cubeide_1.5.1/plugins/com.st.stm32cube.ide.mcu.externaltools.gnu-tools-for-stm32.7-2018-q2-update.linux64_1.5.0.202011040924/tools/bin/../lib/gcc/arm-none-eabi/7.3.1/thumb/v7e-m/fpv4-sp/hard/libgcc.a(_udivmoddi4.o)
                0x0000000008000210                __udivmoddi4
 .text          0x00000000080004dc        0x4 /opt/st/stm32cubeide_1.5.1/plugins/com.st.stm32cube.ide.mcu.externaltools.gnu-tools-for-stm32.7-2018-q2-update.linux64_1.5.0.202011040924/tools/bin/../lib/gcc/arm-none-eabi/7.3.1/thumb/v7e-m/fpv4-sp/hard/libgcc.a(_dvmd_tls.o)
                0x00000000080004dc                __aeabi_ldiv0
                0x00000000080004dc                __aeabi_idiv0
 *(.text*)
 .text.MEMS_Write
                0x00000000080004e0       0x4c Core/Src/main.o
                0x00000000080004e0                MEMS_Write
 .text.MEMS_Read
                0x000000000800052c       0x54 Core/Src/main.o
                0x000000000800052c                MEMS_Read
 .text.MEMS_init
                0x0000000008000580       0x58 Core/Src/main.o
                0x0000000008000580                MEMS_init
 .text.main     0x00000000080005d8       0xa8 Core/Src/main.o
                0x00000000080005d8                main
 .text.SystemClock_Config
                0x0000000008000680       0xbc Core/Src/main.o
                0x0000000008000680                SystemClock_Config
 .text.MX_SPI1_Init
                0x000000000800073c       0x6c Core/Src/main.o
 .text.MX_USART2_UART_Init
                0x00000000080007a8       0x54 Core/Src/main.o
 .text.MX_GPIO_Init
                0x00000000080007fc       0xfc Core/Src/main.o
 .text.sender   0x00000000080008f8       0x4c Core/Src/main.o
                0x00000000080008f8                sender
 .text.orange_blink
                0x0000000008000944       0x98 Core/Src/main.o
                0x0000000008000944                orange_blink
 .text.HAL_GPIO_EXTI_Callback
                0x00000000080009dc       0x78 Core/Src/main.o
                0x00000000080009dc                HAL_GPIO_EXTI_Callback
 .text.func1    0x0000000008000a54       0x4c Core/Src/main.o
                0x0000000008000a54                func1
 .text.func2    0x0000000008000aa0       0x4c Core/Src/main.o
                0x0000000008000aa0                func2
 .text.HAL_TIM_PeriodElapsedCallback
                0x0000000008000aec       0x24 Core/Src/main.o
                0x0000000008000aec                HAL_TIM_PeriodElapsedCallback
 .text.Error_Handler
                0x0000000008000b10        0x8 Core/Src/main.o
                0x0000000008000b10                Error_Handler
 .text.HAL_MspInit
                0x0000000008000b18       0x50 Core/Src/stm32f4xx_hal_msp.o
                0x0000000008000b18                HAL_MspInit
 .text.HAL_SPI_MspInit
                0x0000000008000b68       0x90 Core/Src/stm32f4xx_hal_msp.o
                0x0000000008000b68                HAL_SPI_MspInit
 .text.HAL_UART_MspInit
                0x0000000008000bf8       0x90 Core/Src/stm32f4xx_hal_msp.o
                0x0000000008000bf8                HAL_UART_MspInit
 .text.HAL_InitTick
                0x0000000008000c88       0xb0 Core/Src/stm32f4xx_hal_timebase_tim.o
                0x0000000008000c88                HAL_InitTick
 .text.NMI_Handler
                0x0000000008000d38        0x6 Core/Src/stm32f4xx_it.o
                0x0000000008000d38                NMI_Handler
 .text.HardFault_Handler
                0x0000000008000d3e        0x6 Core/Src/stm32f4xx_it.o
                0x0000000008000d3e                HardFault_Handler
 .text.MemManage_Handler
                0x0000000008000d44        0x6 Core/Src/stm32f4xx_it.o
                0x0000000008000d44                MemManage_Handler
 .text.BusFault_Handler
                0x0000000008000d4a        0x6 Core/Src/stm32f4xx_it.o
                0x0000000008000d4a                BusFault_Handler
 .text.UsageFault_Handler
                0x0000000008000d50        0x6 Core/Src/stm32f4xx_it.o
                0x0000000008000d50                UsageFault_Handler
 .text.DebugMon_Handler
                0x0000000008000d56        0xe Core/Src/stm32f4xx_it.o
                0x0000000008000d56                DebugMon_Handler
 .text.EXTI0_IRQHandler
                0x0000000008000d64        0xe Core/Src/stm32f4xx_it.o
                0x0000000008000d64                EXTI0_IRQHandler
 *fill*         0x0000000008000d72        0x2 
 .text.TIM7_IRQHandler
                0x0000000008000d74       0x14 Core/Src/stm32f4xx_it.o
                0x0000000008000d74                TIM7_IRQHandler
 .text.SystemInit
                0x0000000008000d88       0x2c Core/Src/system_stm32f4xx.o
                0x0000000008000d88                SystemInit
 .text.Reset_Handler
                0x0000000008000db4       0x50 Core/Startup/startup_stm32f407vgtx.o
                0x0000000008000db4                Reset_Handler
 .text.Default_Handler
                0x0000000008000e04        0x2 Core/Startup/startup_stm32f407vgtx.o
                0x0000000008000e04                RTC_Alarm_IRQHandler
                0x0000000008000e04                HASH_RNG_IRQHandler
                0x0000000008000e04                EXTI2_IRQHandler
                0x0000000008000e04                TIM8_CC_IRQHandler
                0x0000000008000e04                TIM1_CC_IRQHandler
                0x0000000008000e04                DMA2_Stream5_IRQHandler
                0x0000000008000e04                DMA1_Stream5_IRQHandler
                0x0000000008000e04                PVD_IRQHandler
                0x0000000008000e04                SDIO_IRQHandler
                0x0000000008000e04                TAMP_STAMP_IRQHandler
                0x0000000008000e04                CAN2_RX1_IRQHandler
                0x0000000008000e04                EXTI3_IRQHandler
                0x0000000008000e04                TIM8_TRG_COM_TIM14_IRQHandler
                0x0000000008000e04                TIM1_UP_TIM10_IRQHandler
                0x0000000008000e04                TIM8_UP_TIM13_IRQHandler
                0x0000000008000e04                I2C3_ER_IRQHandler
                0x0000000008000e04                I2C2_EV_IRQHandler
                0x0000000008000e04                DMA1_Stream2_IRQHandler
                0x0000000008000e04                CAN1_RX0_IRQHandler
                0x0000000008000e04                FPU_IRQHandler
                0x0000000008000e04                OTG_HS_WKUP_IRQHandler
                0x0000000008000e04                CAN2_SCE_IRQHandler
                0x0000000008000e04                DMA2_Stream2_IRQHandler
                0x0000000008000e04                SPI1_IRQHandler
                0x0000000008000e04                TIM6_DAC_IRQHandler
                0x0000000008000e04                TIM1_BRK_TIM9_IRQHandler
                0x0000000008000e04                DCMI_IRQHandler
                0x0000000008000e04                CAN2_RX0_IRQHandler
                0x0000000008000e04                DMA2_Stream3_IRQHandler
                0x0000000008000e04                USART6_IRQHandler
                0x0000000008000e04                USART3_IRQHandler
                0x0000000008000e04                CAN1_RX1_IRQHandler
                0x0000000008000e04                UART5_IRQHandler
                0x0000000008000e04                DMA2_Stream0_IRQHandler
                0x0000000008000e04                TIM4_IRQHandler
                0x0000000008000e04                I2C1_EV_IRQHandler
                0x0000000008000e04                DMA1_Stream6_IRQHandler
                0x0000000008000e04                DMA1_Stream1_IRQHandler
                0x0000000008000e04                UART4_IRQHandler
                0x0000000008000e04                TIM3_IRQHandler
                0x0000000008000e04                RCC_IRQHandler
                0x0000000008000e04                TIM8_BRK_TIM12_IRQHandler
                0x0000000008000e04                Default_Handler
                0x0000000008000e04                EXTI15_10_IRQHandler
                0x0000000008000e04                ADC_IRQHandler
                0x0000000008000e04                DMA1_Stream7_IRQHandler
                0x0000000008000e04                CAN2_TX_IRQHandler
                0x0000000008000e04                TIM5_IRQHandler
                0x0000000008000e04                DMA2_Stream7_IRQHandler
                0x0000000008000e04                I2C3_EV_IRQHandler
                0x0000000008000e04                EXTI9_5_IRQHandler
                0x0000000008000e04                RTC_WKUP_IRQHandler
                0x0000000008000e04                ETH_WKUP_IRQHandler
                0x0000000008000e04                SPI2_IRQHandler
                0x0000000008000e04                OTG_HS_EP1_IN_IRQHandler
                0x0000000008000e04                DMA1_Stream0_IRQHandler
                0x0000000008000e04                CAN1_TX_IRQHandler
                0x0000000008000e04                EXTI4_IRQHandler
                0x0000000008000e04                FSMC_IRQHandler
                0x0000000008000e04                ETH_IRQHandler
                0x0000000008000e04                OTG_HS_EP1_OUT_IRQHandler
                0x0000000008000e04                WWDG_IRQHandler
                0x0000000008000e04                TIM2_IRQHandler
                0x0000000008000e04                OTG_FS_WKUP_IRQHandler
                0x0000000008000e04                TIM1_TRG_COM_TIM11_IRQHandler
                0x0000000008000e04                OTG_HS_IRQHandler
                0x0000000008000e04                EXTI1_IRQHandler
                0x0000000008000e04                USART2_IRQHandler
                0x0000000008000e04                I2C2_ER_IRQHandler
                0x0000000008000e04                DMA2_Stream1_IRQHandler
                0x0000000008000e04                CAN1_SCE_IRQHandler
                0x0000000008000e04                FLASH_IRQHandler
                0x0000000008000e04                DMA2_Stream4_IRQHandler
                0x0000000008000e04                USART1_IRQHandler
                0x0000000008000e04                OTG_FS_IRQHandler
                0x0000000008000e04                SPI3_IRQHandler
                0x0000000008000e04                DMA1_Stream4_IRQHandler
                0x0000000008000e04                I2C1_ER_IRQHandler
                0x0000000008000e04                DMA2_Stream6_IRQHandler
                0x0000000008000e04                DMA1_Stream3_IRQHandler
 *fill*         0x0000000008000e06        0x2 
 .text.HAL_Init
                0x0000000008000e08       0x44 Drivers/STM32F4xx_HAL_Driver/Src/stm32f4xx_hal.o
                0x0000000008000e08                HAL_Init
 .text.HAL_IncTick
                0x0000000008000e4c       0x28 Drivers/STM32F4xx_HAL_Driver/Src/stm32f4xx_hal.o
                0x0000000008000e4c                HAL_IncTick
 .text.HAL_GetTick
                0x0000000008000e74       0x18 Drivers/STM32F4xx_HAL_Driver/Src/stm32f4xx_hal.o
                0x0000000008000e74                HAL_GetTick
 .text.__NVIC_SetPriorityGrouping
                0x0000000008000e8c       0x48 Drivers/STM32F4xx_HAL_Driver/Src/stm32f4xx_hal_cortex.o
 .text.__NVIC_GetPriorityGrouping
                0x0000000008000ed4       0x1c Drivers/STM32F4xx_HAL_Driver/Src/stm32f4xx_hal_cortex.o
 .text.__NVIC_EnableIRQ
                0x0000000008000ef0       0x3c Drivers/STM32F4xx_HAL_Driver/Src/stm32f4xx_hal_cortex.o
 .text.__NVIC_SetPriority
                0x0000000008000f2c       0x54 Drivers/STM32F4xx_HAL_Driver/Src/stm32f4xx_hal_cortex.o
 .text.NVIC_EncodePriority
                0x0000000008000f80       0x66 Drivers/STM32F4xx_HAL_Driver/Src/stm32f4xx_hal_cortex.o
 .text.HAL_NVIC_SetPriorityGrouping
                0x0000000008000fe6       0x16 Drivers/STM32F4xx_HAL_Driver/Src/stm32f4xx_hal_cortex.o
                0x0000000008000fe6                HAL_NVIC_SetPriorityGrouping
 .text.HAL_NVIC_SetPriority
                0x0000000008000ffc       0x38 Drivers/STM32F4xx_HAL_Driver/Src/stm32f4xx_hal_cortex.o
                0x0000000008000ffc                HAL_NVIC_SetPriority
 .text.HAL_NVIC_EnableIRQ
                0x0000000008001034       0x1c Drivers/STM32F4xx_HAL_Driver/Src/stm32f4xx_hal_cortex.o
                0x0000000008001034                HAL_NVIC_EnableIRQ
 .text.HAL_GPIO_Init
                0x0000000008001050      0x334 Drivers/STM32F4xx_HAL_Driver/Src/stm32f4xx_hal_gpio.o
                0x0000000008001050                HAL_GPIO_Init
 .text.HAL_GPIO_ReadPin
                0x0000000008001384       0x30 Drivers/STM32F4xx_HAL_Driver/Src/stm32f4xx_hal_gpio.o
                0x0000000008001384                HAL_GPIO_ReadPin
 .text.HAL_GPIO_WritePin
                0x00000000080013b4       0x32 Drivers/STM32F4xx_HAL_Driver/Src/stm32f4xx_hal_gpio.o
                0x00000000080013b4                HAL_GPIO_WritePin
 *fill*         0x00000000080013e6        0x2 
 .text.HAL_GPIO_EXTI_IRQHandler
                0x00000000080013e8       0x30 Drivers/STM32F4xx_HAL_Driver/Src/stm32f4xx_hal_gpio.o
                0x00000000080013e8                HAL_GPIO_EXTI_IRQHandler
 .text.HAL_RCC_OscConfig
                0x0000000008001418      0x4e0 Drivers/STM32F4xx_HAL_Driver/Src/stm32f4xx_hal_rcc.o
                0x0000000008001418                HAL_RCC_OscConfig
 .text.HAL_RCC_ClockConfig
                0x00000000080018f8      0x1cc Drivers/STM32F4xx_HAL_Driver/Src/stm32f4xx_hal_rcc.o
                0x00000000080018f8                HAL_RCC_ClockConfig
 .text.HAL_RCC_GetSysClockFreq
                0x0000000008001ac4      0x164 Drivers/STM32F4xx_HAL_Driver/Src/stm32f4xx_hal_rcc.o
                0x0000000008001ac4                HAL_RCC_GetSysClockFreq
 .text.HAL_RCC_GetHCLKFreq
                0x0000000008001c28       0x18 Drivers/STM32F4xx_HAL_Driver/Src/stm32f4xx_hal_rcc.o
                0x0000000008001c28                HAL_RCC_GetHCLKFreq
 .text.HAL_RCC_GetPCLK1Freq
                0x0000000008001c40       0x28 Drivers/STM32F4xx_HAL_Driver/Src/stm32f4xx_hal_rcc.o
                0x0000000008001c40                HAL_RCC_GetPCLK1Freq
 .text.HAL_RCC_GetPCLK2Freq
                0x0000000008001c68       0x28 Drivers/STM32F4xx_HAL_Driver/Src/stm32f4xx_hal_rcc.o
                0x0000000008001c68                HAL_RCC_GetPCLK2Freq
 .text.HAL_RCC_GetClockConfig
                0x0000000008001c90       0x64 Drivers/STM32F4xx_HAL_Driver/Src/stm32f4xx_hal_rcc.o
                0x0000000008001c90                HAL_RCC_GetClockConfig
 .text.HAL_SPI_Init
                0x0000000008001cf4       0xc8 Drivers/STM32F4xx_HAL_Driver/Src/stm32f4xx_hal_spi.o
                0x0000000008001cf4                HAL_SPI_Init
 .text.HAL_SPI_Transmit
                0x0000000008001dbc      0x268 Drivers/STM32F4xx_HAL_Driver/Src/stm32f4xx_hal_spi.o
                0x0000000008001dbc                HAL_SPI_Transmit
 .text.HAL_SPI_Receive
                0x0000000008002024      0x212 Drivers/STM32F4xx_HAL_Driver/Src/stm32f4xx_hal_spi.o
                0x0000000008002024                HAL_SPI_Receive
 .text.HAL_SPI_TransmitReceive
                0x0000000008002236      0x344 Drivers/STM32F4xx_HAL_Driver/Src/stm32f4xx_hal_spi.o
                0x0000000008002236                HAL_SPI_TransmitReceive
 .text.SPI_WaitFlagStateUntilTimeout
                0x000000000800257a       0xd4 Drivers/STM32F4xx_HAL_Driver/Src/stm32f4xx_hal_spi.o
 .text.SPI_EndRxTransaction
                0x000000000800264e       0xca Drivers/STM32F4xx_HAL_Driver/Src/stm32f4xx_hal_spi.o
 .text.SPI_EndRxTxTransaction
                0x0000000008002718       0x84 Drivers/STM32F4xx_HAL_Driver/Src/stm32f4xx_hal_spi.o
 .text.HAL_TIM_Base_Init
                0x000000000800279c       0x56 Drivers/STM32F4xx_HAL_Driver/Src/stm32f4xx_hal_tim.o
                0x000000000800279c                HAL_TIM_Base_Init
 .text.HAL_TIM_Base_MspInit
                0x00000000080027f2       0x14 Drivers/STM32F4xx_HAL_Driver/Src/stm32f4xx_hal_tim.o
                0x00000000080027f2                HAL_TIM_Base_MspInit
 .text.HAL_TIM_Base_Start_IT
                0x0000000008002806       0x48 Drivers/STM32F4xx_HAL_Driver/Src/stm32f4xx_hal_tim.o
                0x0000000008002806                HAL_TIM_Base_Start_IT
 .text.HAL_TIM_IRQHandler
                0x000000000800284e      0x210 Drivers/STM32F4xx_HAL_Driver/Src/stm32f4xx_hal_tim.o
                0x000000000800284e                HAL_TIM_IRQHandler
 .text.HAL_TIM_OC_DelayElapsedCallback
                0x0000000008002a5e       0x14 Drivers/STM32F4xx_HAL_Driver/Src/stm32f4xx_hal_tim.o
                0x0000000008002a5e                HAL_TIM_OC_DelayElapsedCallback
 .text.HAL_TIM_IC_CaptureCallback
                0x0000000008002a72       0x14 Drivers/STM32F4xx_HAL_Driver/Src/stm32f4xx_hal_tim.o
                0x0000000008002a72                HAL_TIM_IC_CaptureCallback
 .text.HAL_TIM_PWM_PulseFinishedCallback
                0x0000000008002a86       0x14 Drivers/STM32F4xx_HAL_Driver/Src/stm32f4xx_hal_tim.o
                0x0000000008002a86                HAL_TIM_PWM_PulseFinishedCallback
 .text.HAL_TIM_TriggerCallback
                0x0000000008002a9a       0x14 Drivers/STM32F4xx_HAL_Driver/Src/stm32f4xx_hal_tim.o
                0x0000000008002a9a                HAL_TIM_TriggerCallback
 *fill*         0x0000000008002aae        0x2 
 .text.TIM_Base_SetConfig
                0x0000000008002ab0      0x140 Drivers/STM32F4xx_HAL_Driver/Src/stm32f4xx_hal_tim.o
                0x0000000008002ab0                TIM_Base_SetConfig
 .text.HAL_TIMEx_CommutCallback
                0x0000000008002bf0       0x14 Drivers/STM32F4xx_HAL_Driver/Src/stm32f4xx_hal_tim_ex.o
                0x0000000008002bf0                HAL_TIMEx_CommutCallback
 .text.HAL_TIMEx_BreakCallback
                0x0000000008002c04       0x14 Drivers/STM32F4xx_HAL_Driver/Src/stm32f4xx_hal_tim_ex.o
                0x0000000008002c04                HAL_TIMEx_BreakCallback
 .text.HAL_UART_Init
                0x0000000008002c18       0x9a Drivers/STM32F4xx_HAL_Driver/Src/stm32f4xx_hal_uart.o
                0x0000000008002c18                HAL_UART_Init
 .text.HAL_UART_Transmit
                0x0000000008002cb2      0x132 Drivers/STM32F4xx_HAL_Driver/Src/stm32f4xx_hal_uart.o
                0x0000000008002cb2                HAL_UART_Transmit
 .text.UART_WaitOnFlagUntilTimeout
                0x0000000008002de4       0x94 Drivers/STM32F4xx_HAL_Driver/Src/stm32f4xx_hal_uart.o
 .text.UART_SetConfig
                0x0000000008002e78      0x6f8 Drivers/STM32F4xx_HAL_Driver/Src/stm32f4xx_hal_uart.o
 .text.vListInitialise
                0x0000000008003570       0x40 FreeRTOS/list.o
                0x0000000008003570                vListInitialise
 .text.vListInitialiseItem
                0x00000000080035b0       0x1a FreeRTOS/list.o
                0x00000000080035b0                vListInitialiseItem
 .text.vListInsertEnd
                0x00000000080035ca       0x48 FreeRTOS/list.o
                0x00000000080035ca                vListInsertEnd
 .text.vListInsert
                0x0000000008003612       0x72 FreeRTOS/list.o
                0x0000000008003612                vListInsert
 .text.uxListRemove
                0x0000000008003684       0x54 FreeRTOS/list.o
                0x0000000008003684                uxListRemove
 .text.xQueueGenericReset
                0x00000000080036d8       0xd0 FreeRTOS/queue.o
                0x00000000080036d8                xQueueGenericReset
 .text.xQueueGenericCreate
                0x00000000080037a8       0x76 FreeRTOS/queue.o
                0x00000000080037a8                xQueueGenericCreate
 .text.prvInitialiseNewQueue
                0x000000000800381e       0x46 FreeRTOS/queue.o
 .text.xQueueGenericSend
                0x0000000008003864      0x1f4 FreeRTOS/queue.o
                0x0000000008003864                xQueueGenericSend
 .text.xQueueGenericSendFromISR
                0x0000000008003a58      0x128 FreeRTOS/queue.o
                0x0000000008003a58                xQueueGenericSendFromISR
 .text.xQueueGiveFromISR
                0x0000000008003b80      0x112 FreeRTOS/queue.o
                0x0000000008003b80                xQueueGiveFromISR
 *fill*         0x0000000008003c92        0x2 
 .text.xQueueReceive
                0x0000000008003c94      0x1b8 FreeRTOS/queue.o
                0x0000000008003c94                xQueueReceive
 .text.xQueueSemaphoreTake
                0x0000000008003e4c      0x210 FreeRTOS/queue.o
                0x0000000008003e4c                xQueueSemaphoreTake
 .text.prvGetDisinheritPriorityAfterTimeout
                0x000000000800405c       0x30 FreeRTOS/queue.o
 .text.prvCopyDataToQueue
                0x000000000800408c       0xd4 FreeRTOS/queue.o
 .text.prvCopyDataFromQueue
                0x0000000008004160       0x4c FreeRTOS/queue.o
 .text.prvUnlockQueue
                0x00000000080041ac       0xa4 FreeRTOS/queue.o
 .text.prvIsQueueEmpty
                0x0000000008004250       0x2c FreeRTOS/queue.o
 .text.prvIsQueueFull
                0x000000000800427c       0x30 FreeRTOS/queue.o
 .text.vQueueAddToRegistry
                0x00000000080042ac       0x50 FreeRTOS/queue.o
                0x00000000080042ac                vQueueAddToRegistry
 .text.vQueueWaitForMessageRestricted
                0x00000000080042fc       0x68 FreeRTOS/queue.o
                0x00000000080042fc                vQueueWaitForMessageRestricted
 .text.xStreamBufferGenericCreate
                0x0000000008004364       0xc4 FreeRTOS/stream_buffer.o
                0x0000000008004364                xStreamBufferGenericCreate
 .text.xStreamBufferSpacesAvailable
                0x0000000008004428       0x74 FreeRTOS/stream_buffer.o
                0x0000000008004428                xStreamBufferSpacesAvailable
 .text.xStreamBufferSend
                0x000000000800449c      0x198 FreeRTOS/stream_buffer.o
                0x000000000800449c                xStreamBufferSend
 .text.prvWriteMessageToBuffer
                0x0000000008004634       0x6c FreeRTOS/stream_buffer.o
 .text.prvWriteBytesToBuffer
                0x00000000080046a0       0xd4 FreeRTOS/stream_buffer.o
 .text.prvBytesInBuffer
                0x0000000008004774       0x40 FreeRTOS/stream_buffer.o
 .text.prvInitialiseNewStreamBuffer
                0x00000000080047b4       0x6a FreeRTOS/stream_buffer.o
 .text.xTaskCreate
                0x000000000800481e       0x82 FreeRTOS/tasks.o
                0x000000000800481e                xTaskCreate
 .text.prvInitialiseNewTask
                0x00000000080048a0      0x11c FreeRTOS/tasks.o
 .text.prvAddNewTaskToReadyList
                0x00000000080049bc       0xdc FreeRTOS/tasks.o
 .text.vTaskDelay
                0x0000000008004a98       0x68 FreeRTOS/tasks.o
                0x0000000008004a98                vTaskDelay
 .text.vTaskStartScheduler
                0x0000000008004b00       0x98 FreeRTOS/tasks.o
                0x0000000008004b00                vTaskStartScheduler
 .text.vTaskSuspendAll
                0x0000000008004b98       0x1c FreeRTOS/tasks.o
                0x0000000008004b98                vTaskSuspendAll
 .text.xTaskResumeAll
                0x0000000008004bb4      0x138 FreeRTOS/tasks.o
                0x0000000008004bb4                xTaskResumeAll
 .text.xTaskGetTickCount
                0x0000000008004cec       0x20 FreeRTOS/tasks.o
                0x0000000008004cec                xTaskGetTickCount
 .text.xTaskIncrementTick
                0x0000000008004d0c      0x170 FreeRTOS/tasks.o
                0x0000000008004d0c                xTaskIncrementTick
 .text.vTaskSwitchContext
                0x0000000008004e7c       0xb4 FreeRTOS/tasks.o
                0x0000000008004e7c                vTaskSwitchContext
 .text.vTaskPlaceOnEventList
                0x0000000008004f30       0x48 FreeRTOS/tasks.o
                0x0000000008004f30                vTaskPlaceOnEventList
 .text.vTaskPlaceOnEventListRestricted
                0x0000000008004f78       0x54 FreeRTOS/tasks.o
                0x0000000008004f78                vTaskPlaceOnEventListRestricted
 .text.xTaskRemoveFromEventList
                0x0000000008004fcc       0xc4 FreeRTOS/tasks.o
                0x0000000008004fcc                xTaskRemoveFromEventList
 .text.vTaskSetTimeOutState
                0x0000000008005090       0x4c FreeRTOS/tasks.o
                0x0000000008005090                vTaskSetTimeOutState
 .text.vTaskInternalSetTimeOutState
                0x00000000080050dc       0x2c FreeRTOS/tasks.o
                0x00000000080050dc                vTaskInternalSetTimeOutState
 .text.xTaskCheckForTimeOut
                0x0000000008005108       0xc0 FreeRTOS/tasks.o
                0x0000000008005108                xTaskCheckForTimeOut
 .text.vTaskMissedYield
                0x00000000080051c8       0x18 FreeRTOS/tasks.o
                0x00000000080051c8                vTaskMissedYield
 .text.prvIdleTask
                0x00000000080051e0       0x30 FreeRTOS/tasks.o
 .text.prvInitialiseTaskLists
                0x0000000008005210       0x80 FreeRTOS/tasks.o
 .text.prvCheckTasksWaitingTermination
                0x0000000008005290       0x58 FreeRTOS/tasks.o
 .text.prvDeleteTCB
                0x00000000080052e8       0x20 FreeRTOS/tasks.o
 .text.prvResetNextTaskUnblockTime
                0x0000000008005308       0x40 FreeRTOS/tasks.o
 .text.xTaskGetCurrentTaskHandle
                0x0000000008005348       0x20 FreeRTOS/tasks.o
                0x0000000008005348                xTaskGetCurrentTaskHandle
 .text.xTaskGetSchedulerState
                0x0000000008005368       0x3c FreeRTOS/tasks.o
                0x0000000008005368                xTaskGetSchedulerState
 .text.xTaskPriorityInherit
                0x00000000080053a4      0x100 FreeRTOS/tasks.o
                0x00000000080053a4                xTaskPriorityInherit
 .text.xTaskPriorityDisinherit
                0x00000000080054a4      0x108 FreeRTOS/tasks.o
                0x00000000080054a4                xTaskPriorityDisinherit
 .text.vTaskPriorityDisinheritAfterTimeout
                0x00000000080055ac      0x130 FreeRTOS/tasks.o
                0x00000000080055ac                vTaskPriorityDisinheritAfterTimeout
 .text.pvTaskIncrementMutexHeldCount
                0x00000000080056dc       0x28 FreeRTOS/tasks.o
                0x00000000080056dc                pvTaskIncrementMutexHeldCount
 .text.xTaskNotifyWait
                0x0000000008005704       0xb4 FreeRTOS/tasks.o
                0x0000000008005704                xTaskNotifyWait
 .text.xTaskGenericNotify
                0x00000000080057b8      0x164 FreeRTOS/tasks.o
                0x00000000080057b8                xTaskGenericNotify
 .text.xTaskNotifyStateClear
                0x000000000800591c       0x4c FreeRTOS/tasks.o
                0x000000000800591c                xTaskNotifyStateClear
 .text.prvAddCurrentTaskToDelayedList
                0x0000000008005968       0xcc FreeRTOS/tasks.o
 .text.xTimerCreateTimerTask
                0x0000000008005a34       0x64 FreeRTOS/timers.o
                0x0000000008005a34                xTimerCreateTimerTask
 .text.xTimerGenericCommand
                0x0000000008005a98       0x98 FreeRTOS/timers.o
                0x0000000008005a98                xTimerGenericCommand
 .text.prvProcessExpiredTimer
                0x0000000008005b30       0x98 FreeRTOS/timers.o
 .text.prvTimerTask
                0x0000000008005bc8       0x24 FreeRTOS/timers.o
 .text.prvProcessTimerOrBlockTask
                0x0000000008005bec       0x9c FreeRTOS/timers.o
 .text.prvGetNextExpireTime
                0x0000000008005c88       0x48 FreeRTOS/timers.o
 .text.prvSampleTimeNow
                0x0000000008005cd0       0x40 FreeRTOS/timers.o
 .text.prvInsertTimerInActiveList
                0x0000000008005d10       0x84 FreeRTOS/timers.o
 .text.prvProcessReceivedCommands
                0x0000000008005d94      0x188 FreeRTOS/timers.o
 .text.prvSwitchTimerLists
                0x0000000008005f1c       0xc8 FreeRTOS/timers.o
 .text.prvCheckForValidListAndQueue
                0x0000000008005fe4       0x6c FreeRTOS/timers.o
 .text.pxPortInitialiseStack
                0x0000000008006050       0x68 FreeRTOS/portable/ARM_CM4F/port.o
                0x0000000008006050                pxPortInitialiseStack
 .text.prvTaskExitError
                0x00000000080060b8       0x54 FreeRTOS/portable/ARM_CM4F/port.o
 *fill*         0x000000000800610c        0x4 
 .text.SVC_Handler
                0x0000000008006110       0x28 FreeRTOS/portable/ARM_CM4F/port.o
                0x0000000008006110                SVC_Handler
 .text.prvPortStartFirstTask
                0x0000000008006138       0x28 FreeRTOS/portable/ARM_CM4F/port.o
 .text.xPortStartScheduler
                0x0000000008006160      0x13c FreeRTOS/portable/ARM_CM4F/port.o
                0x0000000008006160                xPortStartScheduler
 .text.vPortEnterCritical
                0x000000000800629c       0x5c FreeRTOS/portable/ARM_CM4F/port.o
                0x000000000800629c                vPortEnterCritical
 .text.vPortExitCritical
                0x00000000080062f8       0x50 FreeRTOS/portable/ARM_CM4F/port.o
                0x00000000080062f8                vPortExitCritical
 *fill*         0x0000000008006348        0x8 
 .text.PendSV_Handler
                0x0000000008006350       0x68 FreeRTOS/portable/ARM_CM4F/port.o
                0x0000000008006350                PendSV_Handler
 .text.SysTick_Handler
                0x00000000080063b8       0x40 FreeRTOS/portable/ARM_CM4F/port.o
                0x00000000080063b8                SysTick_Handler
 .text.vPortSetupTimerInterrupt
                0x00000000080063f8       0x48 FreeRTOS/portable/ARM_CM4F/port.o
                0x00000000080063f8                vPortSetupTimerInterrupt
 .text.vPortEnableVFP
                0x0000000008006440       0x14 FreeRTOS/portable/ARM_CM4F/port.o
 .text.vPortValidateInterruptPriority
                0x0000000008006454       0x7c FreeRTOS/portable/ARM_CM4F/port.o
                0x0000000008006454                vPortValidateInterruptPriority
 .text.pvPortMalloc
                0x00000000080064d0      0x184 FreeRTOS/portable/MemMang/heap_4.o
                0x00000000080064d0                pvPortMalloc
 .text.vPortFree
                0x0000000008006654       0xb0 FreeRTOS/portable/MemMang/heap_4.o
                0x0000000008006654                vPortFree
 .text.prvHeapInit
                0x0000000008006704       0xc4 FreeRTOS/portable/MemMang/heap_4.o
 .text.prvInsertBlockIntoFreeList
                0x00000000080067c8       0xb4 FreeRTOS/portable/MemMang/heap_4.o
 .text.__libc_init_array
                0x000000000800687c       0x48 /opt/st/stm32cubeide_1.5.1/plugins/com.st.stm32cube.ide.mcu.externaltools.gnu-tools-for-stm32.7-2018-q2-update.linux64_1.5.0.202011040924/tools/bin/../lib/gcc/arm-none-eabi/7.3.1/../../../../arm-none-eabi/lib/thumb/v7e-m/fpv4-sp/hard/libc_nano.a(lib_a-init.o)
                0x000000000800687c                __libc_init_array
 .text.memcpy   0x00000000080068c4       0x16 /opt/st/stm32cubeide_1.5.1/plugins/com.st.stm32cube.ide.mcu.externaltools.gnu-tools-for-stm32.7-2018-q2-update.linux64_1.5.0.202011040924/tools/bin/../lib/gcc/arm-none-eabi/7.3.1/../../../../arm-none-eabi/lib/thumb/v7e-m/fpv4-sp/hard/libc_nano.a(lib_a-memcpy-stub.o)
                0x00000000080068c4                memcpy
 .text.memset   0x00000000080068da       0x10 /opt/st/stm32cubeide_1.5.1/plugins/com.st.stm32cube.ide.mcu.externaltools.gnu-tools-for-stm32.7-2018-q2-update.linux64_1.5.0.202011040924/tools/bin/../lib/gcc/arm-none-eabi/7.3.1/../../../../arm-none-eabi/lib/thumb/v7e-m/fpv4-sp/hard/libc_nano.a(lib_a-memset.o)
                0x00000000080068da                memset
 *(.glue_7)
 .glue_7        0x00000000080068ea        0x0 linker stubs
 *(.glue_7t)
 .glue_7t       0x00000000080068ea        0x0 linker stubs
 *(.eh_frame)
 *fill*         0x00000000080068ea        0x2 
 .eh_frame      0x00000000080068ec        0x0 /opt/st/stm32cubeide_1.5.1/plugins/com.st.stm32cube.ide.mcu.externaltools.gnu-tools-for-stm32.7-2018-q2-update.linux64_1.5.0.202011040924/tools/bin/../lib/gcc/arm-none-eabi/7.3.1/thumb/v7e-m/fpv4-sp/hard/crtbegin.o
 *(.init)
 .init          0x00000000080068ec        0x4 /opt/st/stm32cubeide_1.5.1/plugins/com.st.stm32cube.ide.mcu.externaltools.gnu-tools-for-stm32.7-2018-q2-update.linux64_1.5.0.202011040924/tools/bin/../lib/gcc/arm-none-eabi/7.3.1/thumb/v7e-m/fpv4-sp/hard/crti.o
                0x00000000080068ec                _init
 .init          0x00000000080068f0        0x8 /opt/st/stm32cubeide_1.5.1/plugins/com.st.stm32cube.ide.mcu.externaltools.gnu-tools-for-stm32.7-2018-q2-update.linux64_1.5.0.202011040924/tools/bin/../lib/gcc/arm-none-eabi/7.3.1/thumb/v7e-m/fpv4-sp/hard/crtn.o
 *(.fini)
 .fini          0x00000000080068f8        0x4 /opt/st/stm32cubeide_1.5.1/plugins/com.st.stm32cube.ide.mcu.externaltools.gnu-tools-for-stm32.7-2018-q2-update.linux64_1.5.0.202011040924/tools/bin/../lib/gcc/arm-none-eabi/7.3.1/thumb/v7e-m/fpv4-sp/hard/crti.o
                0x00000000080068f8                _fini
 .fini          0x00000000080068fc        0x8 /opt/st/stm32cubeide_1.5.1/plugins/com.st.stm32cube.ide.mcu.externaltools.gnu-tools-for-stm32.7-2018-q2-update.linux64_1.5.0.202011040924/tools/bin/../lib/gcc/arm-none-eabi/7.3.1/thumb/v7e-m/fpv4-sp/hard/crtn.o
                0x0000000008006904                . = ALIGN (0x4)
                0x0000000008006904                _etext = .

.vfp11_veneer   0x0000000008006904        0x0
 .vfp11_veneer  0x0000000008006904        0x0 linker stubs

.v4_bx          0x0000000008006904        0x0
 .v4_bx         0x0000000008006904        0x0 linker stubs

.iplt           0x0000000008006904        0x0
 .iplt          0x0000000008006904        0x0 /opt/st/stm32cubeide_1.5.1/plugins/com.st.stm32cube.ide.mcu.externaltools.gnu-tools-for-stm32.7-2018-q2-update.linux64_1.5.0.202011040924/tools/bin/../lib/gcc/arm-none-eabi/7.3.1/thumb/v7e-m/fpv4-sp/hard/crtbegin.o

.rodata         0x0000000008006904       0xa4
                0x0000000008006904                . = ALIGN (0x4)
 *(.rodata)
 .rodata        0x0000000008006904       0x73 Core/Src/main.o
 *fill*         0x0000000008006977        0x1 
 .rodata        0x0000000008006978        0x5 FreeRTOS/tasks.o
 *fill*         0x000000000800697d        0x3 
 .rodata        0x0000000008006980        0xd FreeRTOS/timers.o
 *(.rodata*)
 *fill*         0x000000000800698d        0x3 
 .rodata.AHBPrescTable
                0x0000000008006990       0x10 Core/Src/system_stm32f4xx.o
                0x0000000008006990                AHBPrescTable
 .rodata.APBPrescTable
                0x00000000080069a0        0x8 Core/Src/system_stm32f4xx.o
                0x00000000080069a0                APBPrescTable
                0x00000000080069a8                . = ALIGN (0x4)

.ARM.extab      0x00000000080069a8        0x0
                0x00000000080069a8                . = ALIGN (0x4)
 *(.ARM.extab* .gnu.linkonce.armextab.*)
                0x00000000080069a8                . = ALIGN (0x4)

.ARM            0x00000000080069a8        0x8
                0x00000000080069a8                . = ALIGN (0x4)
                0x00000000080069a8                __exidx_start = .
 *(.ARM.exidx*)
 .ARM.exidx     0x00000000080069a8        0x8 /opt/st/stm32cubeide_1.5.1/plugins/com.st.stm32cube.ide.mcu.externaltools.gnu-tools-for-stm32.7-2018-q2-update.linux64_1.5.0.202011040924/tools/bin/../lib/gcc/arm-none-eabi/7.3.1/thumb/v7e-m/fpv4-sp/hard/libgcc.a(_udivmoddi4.o)
                0x00000000080069b0                __exidx_end = .
                0x00000000080069b0                . = ALIGN (0x4)

.rel.dyn        0x00000000080069b0        0x0
 .rel.iplt      0x00000000080069b0        0x0 /opt/st/stm32cubeide_1.5.1/plugins/com.st.stm32cube.ide.mcu.externaltools.gnu-tools-for-stm32.7-2018-q2-update.linux64_1.5.0.202011040924/tools/bin/../lib/gcc/arm-none-eabi/7.3.1/thumb/v7e-m/fpv4-sp/hard/crtbegin.o

.preinit_array  0x00000000080069b0        0x0
                0x00000000080069b0                . = ALIGN (0x4)
                0x00000000080069b0                PROVIDE (__preinit_array_start = .)
 *(.preinit_array*)
                0x00000000080069b0                PROVIDE (__preinit_array_end = .)
                0x00000000080069b0                . = ALIGN (0x4)

.init_array     0x00000000080069b0        0x4
                0x00000000080069b0                . = ALIGN (0x4)
                0x00000000080069b0                PROVIDE (__init_array_start = .)
 *(SORT_BY_NAME(.init_array.*))
 *(.init_array*)
 .init_array    0x00000000080069b0        0x4 /opt/st/stm32cubeide_1.5.1/plugins/com.st.stm32cube.ide.mcu.externaltools.gnu-tools-for-stm32.7-2018-q2-update.linux64_1.5.0.202011040924/tools/bin/../lib/gcc/arm-none-eabi/7.3.1/thumb/v7e-m/fpv4-sp/hard/crtbegin.o
                0x00000000080069b4                PROVIDE (__init_array_end = .)
                0x00000000080069b4                . = ALIGN (0x4)

.fini_array     0x00000000080069b4        0x4
                0x00000000080069b4                . = ALIGN (0x4)
                [!provide]                        PROVIDE (__fini_array_start = .)
 *(SORT_BY_NAME(.fini_array.*))
 *(.fini_array*)
 .fini_array    0x00000000080069b4        0x4 /opt/st/stm32cubeide_1.5.1/plugins/com.st.stm32cube.ide.mcu.externaltools.gnu-tools-for-stm32.7-2018-q2-update.linux64_1.5.0.202011040924/tools/bin/../lib/gcc/arm-none-eabi/7.3.1/thumb/v7e-m/fpv4-sp/hard/crtbegin.o
                [!provide]                        PROVIDE (__fini_array_end = .)
                0x00000000080069b8                . = ALIGN (0x4)
                0x00000000080069b8                _sidata = LOADADDR (.data)

.data           0x0000000020000000       0x18 load address 0x00000000080069b8
                0x0000000020000000                . = ALIGN (0x4)
                0x0000000020000000                _sdata = .
 *(.data)
 *(.data*)
 .data.pcStringToSend
                0x0000000020000000        0x4 Core/Src/main.o
 .data.pcStringToSend2
                0x0000000020000004        0x4 Core/Src/main.o
 .data.SystemCoreClock
                0x0000000020000008        0x4 Core/Src/system_stm32f4xx.o
                0x0000000020000008                SystemCoreClock
 .data.uwTickPrio
                0x000000002000000c        0x4 Drivers/STM32F4xx_HAL_Driver/Src/stm32f4xx_hal.o
                0x000000002000000c                uwTickPrio
 .data.uwTickFreq
                0x0000000020000010        0x1 Drivers/STM32F4xx_HAL_Driver/Src/stm32f4xx_hal.o
                0x0000000020000010                uwTickFreq
 *fill*         0x0000000020000011        0x3 
 .data.uxCriticalNesting
                0x0000000020000014        0x4 FreeRTOS/portable/ARM_CM4F/port.o
 *(.RamFunc)
 *(.RamFunc*)
                0x0000000020000018                . = ALIGN (0x4)
                0x0000000020000018                _edata = .

.igot.plt       0x0000000020000018        0x0 load address 0x00000000080069d0
 .igot.plt      0x0000000020000018        0x0 /opt/st/stm32cubeide_1.5.1/plugins/com.st.stm32cube.ide.mcu.externaltools.gnu-tools-for-stm32.7-2018-q2-update.linux64_1.5.0.202011040924/tools/bin/../lib/gcc/arm-none-eabi/7.3.1/thumb/v7e-m/fpv4-sp/hard/crtbegin.o
                0x0000000020000018                . = ALIGN (0x4)

.bss            0x0000000020000018    0x12f74 load address 0x00000000080069d0
                0x0000000020000018                _sbss = .
                0x0000000020000018                __bss_start__ = _sbss
 *(.bss)
 .bss           0x0000000020000018       0x1c /opt/st/stm32cubeide_1.5.1/plugins/com.st.stm32cube.ide.mcu.externaltools.gnu-tools-for-stm32.7-2018-q2-update.linux64_1.5.0.202011040924/tools/bin/../lib/gcc/arm-none-eabi/7.3.1/thumb/v7e-m/fpv4-sp/hard/crtbegin.o
 *(.bss*)
 .bss.xStreamBuffer
                0x0000000020000034        0x4 Core/Src/main.o
 .bss.xStreamBuffer2
                0x0000000020000038        0x4 Core/Src/main.o
 .bss.xHigherPriorityTaskWoken.8752
                0x000000002000003c        0x4 Core/Src/main.o
 .bss.pxCurrentTCB
                0x0000000020000040        0x4 FreeRTOS/tasks.o
                0x0000000020000040                pxCurrentTCB
 .bss.pxReadyTasksLists
                0x0000000020000044       0x64 FreeRTOS/tasks.o
 .bss.xDelayedTaskList1
                0x00000000200000a8       0x14 FreeRTOS/tasks.o
 .bss.xDelayedTaskList2
                0x00000000200000bc       0x14 FreeRTOS/tasks.o
 .bss.pxDelayedTaskList
                0x00000000200000d0        0x4 FreeRTOS/tasks.o
 .bss.pxOverflowDelayedTaskList
                0x00000000200000d4        0x4 FreeRTOS/tasks.o
 .bss.xPendingReadyList
                0x00000000200000d8       0x14 FreeRTOS/tasks.o
 .bss.xTasksWaitingTermination
                0x00000000200000ec       0x14 FreeRTOS/tasks.o
 .bss.uxDeletedTasksWaitingCleanUp
                0x0000000020000100        0x4 FreeRTOS/tasks.o
 .bss.xSuspendedTaskList
                0x0000000020000104       0x14 FreeRTOS/tasks.o
 .bss.uxCurrentNumberOfTasks
                0x0000000020000118        0x4 FreeRTOS/tasks.o
 .bss.xTickCount
                0x000000002000011c        0x4 FreeRTOS/tasks.o
 .bss.uxTopReadyPriority
                0x0000000020000120        0x4 FreeRTOS/tasks.o
 .bss.xSchedulerRunning
                0x0000000020000124        0x4 FreeRTOS/tasks.o
 .bss.uxPendedTicks
                0x0000000020000128        0x4 FreeRTOS/tasks.o
 .bss.xYieldPending
                0x000000002000012c        0x4 FreeRTOS/tasks.o
 .bss.xNumOfOverflows
                0x0000000020000130        0x4 FreeRTOS/tasks.o
 .bss.uxTaskNumber
                0x0000000020000134        0x4 FreeRTOS/tasks.o
 .bss.xNextTaskUnblockTime
                0x0000000020000138        0x4 FreeRTOS/tasks.o
 .bss.xIdleTaskHandle
                0x000000002000013c        0x4 FreeRTOS/tasks.o
 .bss.uxSchedulerSuspended
                0x0000000020000140        0x4 FreeRTOS/tasks.o
 .bss.xActiveTimerList1
                0x0000000020000144       0x14 FreeRTOS/timers.o
 .bss.xActiveTimerList2
                0x0000000020000158       0x14 FreeRTOS/timers.o
 .bss.pxCurrentTimerList
                0x000000002000016c        0x4 FreeRTOS/timers.o
 .bss.pxOverflowTimerList
                0x0000000020000170        0x4 FreeRTOS/timers.o
 .bss.xTimerQueue
                0x0000000020000174        0x4 FreeRTOS/timers.o
 .bss.xTimerTaskHandle
                0x0000000020000178        0x4 FreeRTOS/timers.o
 .bss.xLastTime.6701
                0x000000002000017c        0x4 FreeRTOS/timers.o
 .bss.ucMaxSysCallPriority
                0x0000000020000180        0x1 FreeRTOS/portable/ARM_CM4F/port.o
 *fill*         0x0000000020000181        0x3 
 .bss.ulMaxPRIGROUPValue
                0x0000000020000184        0x4 FreeRTOS/portable/ARM_CM4F/port.o
 .bss.ucHeap    0x0000000020000188    0x12c00 FreeRTOS/portable/MemMang/heap_4.o
 .bss.xStart    0x0000000020012d88        0x8 FreeRTOS/portable/MemMang/heap_4.o
 .bss.pxEnd     0x0000000020012d90        0x4 FreeRTOS/portable/MemMang/heap_4.o
 .bss.xFreeBytesRemaining
                0x0000000020012d94        0x4 FreeRTOS/portable/MemMang/heap_4.o
 .bss.xMinimumEverFreeBytesRemaining
                0x0000000020012d98        0x4 FreeRTOS/portable/MemMang/heap_4.o
 .bss.xBlockAllocatedBit
                0x0000000020012d9c        0x4 FreeRTOS/portable/MemMang/heap_4.o
 *(COMMON)
 COMMON         0x0000000020012da0      0x168 Core/Src/main.o
                0x0000000020012da0                xSemaphore
                0x0000000020012da4                cRxBuffer
                0x0000000020012e08                xSemaphore2
                0x0000000020012e0c                hspi1
                0x0000000020012e64                huart2
                0x0000000020012ea4                cRxBuffer2
 COMMON         0x0000000020012f08       0x40 Core/Src/stm32f4xx_hal_timebase_tim.o
                0x0000000020012f08                htim7
 COMMON         0x0000000020012f48        0x4 Drivers/STM32F4xx_HAL_Driver/Src/stm32f4xx_hal.o
                0x0000000020012f48                uwTick
 COMMON         0x0000000020012f4c       0x40 FreeRTOS/queue.o
                0x0000000020012f4c                xQueueRegistry
                0x0000000020012f8c                . = ALIGN (0x4)
                0x0000000020012f8c                _ebss = .
                0x0000000020012f8c                __bss_end__ = _ebss

._user_heap_stack
                0x0000000020012f8c      0x604 load address 0x00000000080069d0
                0x0000000020012f90                . = ALIGN (0x8)
 *fill*         0x0000000020012f8c        0x4 
                [!provide]                        PROVIDE (end = .)
                0x0000000020012f90                PROVIDE (_end = .)
                0x0000000020013190                . = (. + _Min_Heap_Size)
 *fill*         0x0000000020012f90      0x200 
                0x0000000020013590                . = (. + _Min_Stack_Size)
 *fill*         0x0000000020013190      0x400 
                0x0000000020013590                . = ALIGN (0x8)

/DISCARD/
 libc.a(*)
 libm.a(*)
 libgcc.a(*)

.ARM.attributes
                0x0000000000000000       0x30
 *(.ARM.attributes)
 .ARM.attributes
                0x0000000000000000       0x22 /opt/st/stm32cubeide_1.5.1/plugins/com.st.stm32cube.ide.mcu.externaltools.gnu-tools-for-stm32.7-2018-q2-update.linux64_1.5.0.202011040924/tools/bin/../lib/gcc/arm-none-eabi/7.3.1/thumb/v7e-m/fpv4-sp/hard/crti.o
 .ARM.attributes
                0x0000000000000022       0x34 /opt/st/stm32cubeide_1.5.1/plugins/com.st.stm32cube.ide.mcu.externaltools.gnu-tools-for-stm32.7-2018-q2-update.linux64_1.5.0.202011040924/tools/bin/../lib/gcc/arm-none-eabi/7.3.1/thumb/v7e-m/fpv4-sp/hard/crtbegin.o
 .ARM.attributes
                0x0000000000000056       0x39 Core/Src/main.o
 .ARM.attributes
                0x000000000000008f       0x39 Core/Src/stm32f4xx_hal_msp.o
 .ARM.attributes
                0x00000000000000c8       0x39 Core/Src/stm32f4xx_hal_timebase_tim.o
 .ARM.attributes
                0x0000000000000101       0x39 Core/Src/stm32f4xx_it.o
 .ARM.attributes
                0x000000000000013a       0x39 Core/Src/system_stm32f4xx.o
 .ARM.attributes
                0x0000000000000173       0x21 Core/Startup/startup_stm32f407vgtx.o
 .ARM.attributes
                0x0000000000000194       0x39 Drivers/STM32F4xx_HAL_Driver/Src/stm32f4xx_hal.o
 .ARM.attributes
                0x00000000000001cd       0x39 Drivers/STM32F4xx_HAL_Driver/Src/stm32f4xx_hal_cortex.o
 .ARM.attributes
                0x0000000000000206       0x39 Drivers/STM32F4xx_HAL_Driver/Src/stm32f4xx_hal_gpio.o
 .ARM.attributes
                0x000000000000023f       0x39 Drivers/STM32F4xx_HAL_Driver/Src/stm32f4xx_hal_rcc.o
 .ARM.attributes
                0x0000000000000278       0x39 Drivers/STM32F4xx_HAL_Driver/Src/stm32f4xx_hal_spi.o
 .ARM.attributes
                0x00000000000002b1       0x39 Drivers/STM32F4xx_HAL_Driver/Src/stm32f4xx_hal_tim.o
 .ARM.attributes
                0x00000000000002ea       0x39 Drivers/STM32F4xx_HAL_Driver/Src/stm32f4xx_hal_tim_ex.o
 .ARM.attributes
                0x0000000000000323       0x39 Drivers/STM32F4xx_HAL_Driver/Src/stm32f4xx_hal_uart.o
 .ARM.attributes
                0x000000000000035c       0x39 FreeRTOS/list.o
 .ARM.attributes
                0x0000000000000395       0x39 FreeRTOS/queue.o
 .ARM.attributes
                0x00000000000003ce       0x39 FreeRTOS/stream_buffer.o
 .ARM.attributes
                0x0000000000000407       0x39 FreeRTOS/tasks.o
 .ARM.attributes
                0x0000000000000440       0x39 FreeRTOS/timers.o
 .ARM.attributes
                0x0000000000000479       0x39 FreeRTOS/portable/ARM_CM4F/port.o
 .ARM.attributes
                0x00000000000004b2       0x39 FreeRTOS/portable/MemMang/heap_4.o
 .ARM.attributes
                0x00000000000004eb       0x34 /opt/st/stm32cubeide_1.5.1/plugins/com.st.stm32cube.ide.mcu.externaltools.gnu-tools-for-stm32.7-2018-q2-update.linux64_1.5.0.202011040924/tools/bin/../lib/gcc/arm-none-eabi/7.3.1/../../../../arm-none-eabi/lib/thumb/v7e-m/fpv4-sp/hard/libc_nano.a(lib_a-init.o)
 .ARM.attributes
                0x000000000000051f       0x34 /opt/st/stm32cubeide_1.5.1/plugins/com.st.stm32cube.ide.mcu.externaltools.gnu-tools-for-stm32.7-2018-q2-update.linux64_1.5.0.202011040924/tools/bin/../lib/gcc/arm-none-eabi/7.3.1/../../../../arm-none-eabi/lib/thumb/v7e-m/fpv4-sp/hard/libc_nano.a(lib_a-memcpy-stub.o)
 .ARM.attributes
                0x0000000000000553       0x34 /opt/st/stm32cubeide_1.5.1/plugins/com.st.stm32cube.ide.mcu.externaltools.gnu-tools-for-stm32.7-2018-q2-update.linux64_1.5.0.202011040924/tools/bin/../lib/gcc/arm-none-eabi/7.3.1/../../../../arm-none-eabi/lib/thumb/v7e-m/fpv4-sp/hard/libc_nano.a(lib_a-memset.o)
 .ARM.attributes
                0x0000000000000587       0x1b /opt/st/stm32cubeide_1.5.1/plugins/com.st.stm32cube.ide.mcu.externaltools.gnu-tools-for-stm32.7-2018-q2-update.linux64_1.5.0.202011040924/tools/bin/../lib/gcc/arm-none-eabi/7.3.1/../../../../arm-none-eabi/lib/thumb/v7e-m/fpv4-sp/hard/libc_nano.a(lib_a-strlen.o)
 .ARM.attributes
                0x00000000000005a2       0x22 /opt/st/stm32cubeide_1.5.1/plugins/com.st.stm32cube.ide.mcu.externaltools.gnu-tools-for-stm32.7-2018-q2-update.linux64_1.5.0.202011040924/tools/bin/../lib/gcc/arm-none-eabi/7.3.1/thumb/v7e-m/fpv4-sp/hard/libgcc.a(_aeabi_uldivmod.o)
 .ARM.attributes
                0x00000000000005c4       0x34 /opt/st/stm32cubeide_1.5.1/plugins/com.st.stm32cube.ide.mcu.externaltools.gnu-tools-for-stm32.7-2018-q2-update.linux64_1.5.0.202011040924/tools/bin/../lib/gcc/arm-none-eabi/7.3.1/thumb/v7e-m/fpv4-sp/hard/libgcc.a(_udivmoddi4.o)
 .ARM.attributes
                0x00000000000005f8       0x22 /opt/st/stm32cubeide_1.5.1/plugins/com.st.stm32cube.ide.mcu.externaltools.gnu-tools-for-stm32.7-2018-q2-update.linux64_1.5.0.202011040924/tools/bin/../lib/gcc/arm-none-eabi/7.3.1/thumb/v7e-m/fpv4-sp/hard/libgcc.a(_dvmd_tls.o)
 .ARM.attributes
                0x000000000000061a       0x22 /opt/st/stm32cubeide_1.5.1/plugins/com.st.stm32cube.ide.mcu.externaltools.gnu-tools-for-stm32.7-2018-q2-update.linux64_1.5.0.202011040924/tools/bin/../lib/gcc/arm-none-eabi/7.3.1/thumb/v7e-m/fpv4-sp/hard/crtn.o
OUTPUT(Embedded_OS_Lab2-2_P76091307.elf elf32-littlearm)

.debug_info     0x0000000000000000    0x151be
 .debug_info    0x0000000000000000     0x16d9 Core/Src/main.o
 .debug_info    0x00000000000016d9      0xc29 Core/Src/stm32f4xx_hal_msp.o
 .debug_info    0x0000000000002302      0xb2d Core/Src/stm32f4xx_hal_timebase_tim.o
 .debug_info    0x0000000000002e2f      0x6df Core/Src/stm32f4xx_it.o
 .debug_info    0x000000000000350e      0x554 Core/Src/system_stm32f4xx.o
 .debug_info    0x0000000000003a62       0x22 Core/Startup/startup_stm32f407vgtx.o
 .debug_info    0x0000000000003a84      0x945 Drivers/STM32F4xx_HAL_Driver/Src/stm32f4xx_hal.o
 .debug_info    0x00000000000043c9      0xe28 Drivers/STM32F4xx_HAL_Driver/Src/stm32f4xx_hal_cortex.o
 .debug_info    0x00000000000051f1      0x7b5 Drivers/STM32F4xx_HAL_Driver/Src/stm32f4xx_hal_gpio.o
 .debug_info    0x00000000000059a6      0x904 Drivers/STM32F4xx_HAL_Driver/Src/stm32f4xx_hal_rcc.o
 .debug_info    0x00000000000062aa     0x163a Drivers/STM32F4xx_HAL_Driver/Src/stm32f4xx_hal_spi.o
 .debug_info    0x00000000000078e4     0x24a9 Drivers/STM32F4xx_HAL_Driver/Src/stm32f4xx_hal_tim.o
 .debug_info    0x0000000000009d8d     0x1157 Drivers/STM32F4xx_HAL_Driver/Src/stm32f4xx_hal_tim_ex.o
 .debug_info    0x000000000000aee4     0x124c Drivers/STM32F4xx_HAL_Driver/Src/stm32f4xx_hal_uart.o
 .debug_info    0x000000000000c130      0xacb FreeRTOS/list.o
 .debug_info    0x000000000000cbfb     0x1f26 FreeRTOS/queue.o
 .debug_info    0x000000000000eb21     0x1a1e FreeRTOS/stream_buffer.o
 .debug_info    0x000000000001053f     0x2702 FreeRTOS/tasks.o
 .debug_info    0x0000000000012c41     0x145e FreeRTOS/timers.o
 .debug_info    0x000000000001409f      0x533 FreeRTOS/portable/ARM_CM4F/port.o
 .debug_info    0x00000000000145d2      0xbec FreeRTOS/portable/MemMang/heap_4.o

.debug_abbrev   0x0000000000000000     0x2d09
 .debug_abbrev  0x0000000000000000      0x300 Core/Src/main.o
 .debug_abbrev  0x0000000000000300      0x18c Core/Src/stm32f4xx_hal_msp.o
 .debug_abbrev  0x000000000000048c      0x19d Core/Src/stm32f4xx_hal_timebase_tim.o
 .debug_abbrev  0x0000000000000629      0x15a Core/Src/stm32f4xx_it.o
 .debug_abbrev  0x0000000000000783      0x12b Core/Src/system_stm32f4xx.o
 .debug_abbrev  0x00000000000008ae       0x12 Core/Startup/startup_stm32f407vgtx.o
 .debug_abbrev  0x00000000000008c0      0x1c7 Drivers/STM32F4xx_HAL_Driver/Src/stm32f4xx_hal.o
 .debug_abbrev  0x0000000000000a87      0x2fa Drivers/STM32F4xx_HAL_Driver/Src/stm32f4xx_hal_cortex.o
 .debug_abbrev  0x0000000000000d81      0x1c9 Drivers/STM32F4xx_HAL_Driver/Src/stm32f4xx_hal_gpio.o
 .debug_abbrev  0x0000000000000f4a      0x245 Drivers/STM32F4xx_HAL_Driver/Src/stm32f4xx_hal_rcc.o
 .debug_abbrev  0x000000000000118f      0x240 Drivers/STM32F4xx_HAL_Driver/Src/stm32f4xx_hal_spi.o
 .debug_abbrev  0x00000000000013cf      0x230 Drivers/STM32F4xx_HAL_Driver/Src/stm32f4xx_hal_tim.o
 .debug_abbrev  0x00000000000015ff      0x21e Drivers/STM32F4xx_HAL_Driver/Src/stm32f4xx_hal_tim_ex.o
 .debug_abbrev  0x000000000000181d      0x242 Drivers/STM32F4xx_HAL_Driver/Src/stm32f4xx_hal_uart.o
 .debug_abbrev  0x0000000000001a5f      0x1cf FreeRTOS/list.o
 .debug_abbrev  0x0000000000001c2e      0x31c FreeRTOS/queue.o
 .debug_abbrev  0x0000000000001f4a      0x2f7 FreeRTOS/stream_buffer.o
 .debug_abbrev  0x0000000000002241      0x352 FreeRTOS/tasks.o
 .debug_abbrev  0x0000000000002593      0x2c8 FreeRTOS/timers.o
 .debug_abbrev  0x000000000000285b      0x210 FreeRTOS/portable/ARM_CM4F/port.o
 .debug_abbrev  0x0000000000002a6b      0x29e FreeRTOS/portable/MemMang/heap_4.o

.debug_aranges  0x0000000000000000     0x1308
 .debug_aranges
                0x0000000000000000       0xa0 Core/Src/main.o
 .debug_aranges
                0x00000000000000a0       0x40 Core/Src/stm32f4xx_hal_msp.o
 .debug_aranges
                0x00000000000000e0       0x30 Core/Src/stm32f4xx_hal_timebase_tim.o
 .debug_aranges
                0x0000000000000110       0x58 Core/Src/stm32f4xx_it.o
 .debug_aranges
                0x0000000000000168       0x28 Core/Src/system_stm32f4xx.o
 .debug_aranges
                0x0000000000000190       0x28 Core/Startup/startup_stm32f407vgtx.o
 .debug_aranges
                0x00000000000001b8       0xf0 Drivers/STM32F4xx_HAL_Driver/Src/stm32f4xx_hal.o
 .debug_aranges
                0x00000000000002a8      0x118 Drivers/STM32F4xx_HAL_Driver/Src/stm32f4xx_hal_cortex.o
 .debug_aranges
                0x00000000000003c0       0x58 Drivers/STM32F4xx_HAL_Driver/Src/stm32f4xx_hal_gpio.o
 .debug_aranges
                0x0000000000000418       0x88 Drivers/STM32F4xx_HAL_Driver/Src/stm32f4xx_hal_rcc.o
 .debug_aranges
                0x00000000000004a0      0x1d0 Drivers/STM32F4xx_HAL_Driver/Src/stm32f4xx_hal_spi.o
 .debug_aranges
                0x0000000000000670      0x3a8 Drivers/STM32F4xx_HAL_Driver/Src/stm32f4xx_hal_tim.o
 .debug_aranges
                0x0000000000000a18      0x150 Drivers/STM32F4xx_HAL_Driver/Src/stm32f4xx_hal_tim_ex.o
 .debug_aranges
                0x0000000000000b68      0x1d0 Drivers/STM32F4xx_HAL_Driver/Src/stm32f4xx_hal_uart.o
 .debug_aranges
                0x0000000000000d38       0x40 FreeRTOS/list.o
 .debug_aranges
                0x0000000000000d78      0x130 FreeRTOS/queue.o
 .debug_aranges
                0x0000000000000ea8       0xd8 FreeRTOS/stream_buffer.o
 .debug_aranges
                0x0000000000000f80      0x1e8 FreeRTOS/tasks.o
 .debug_aranges
                0x0000000000001168       0xd0 FreeRTOS/timers.o
 .debug_aranges
                0x0000000000001238       0x80 FreeRTOS/portable/ARM_CM4F/port.o
 .debug_aranges
                0x00000000000012b8       0x50 FreeRTOS/portable/MemMang/heap_4.o

.debug_ranges   0x0000000000000000     0x11c0
 .debug_ranges  0x0000000000000000       0x90 Core/Src/main.o
 .debug_ranges  0x0000000000000090       0x30 Core/Src/stm32f4xx_hal_msp.o
 .debug_ranges  0x00000000000000c0       0x20 Core/Src/stm32f4xx_hal_timebase_tim.o
 .debug_ranges  0x00000000000000e0       0x48 Core/Src/stm32f4xx_it.o
 .debug_ranges  0x0000000000000128       0x18 Core/Src/system_stm32f4xx.o
 .debug_ranges  0x0000000000000140       0x20 Core/Startup/startup_stm32f407vgtx.o
 .debug_ranges  0x0000000000000160       0xe0 Drivers/STM32F4xx_HAL_Driver/Src/stm32f4xx_hal.o
 .debug_ranges  0x0000000000000240      0x108 Drivers/STM32F4xx_HAL_Driver/Src/stm32f4xx_hal_cortex.o
 .debug_ranges  0x0000000000000348       0x48 Drivers/STM32F4xx_HAL_Driver/Src/stm32f4xx_hal_gpio.o
 .debug_ranges  0x0000000000000390       0x78 Drivers/STM32F4xx_HAL_Driver/Src/stm32f4xx_hal_rcc.o
 .debug_ranges  0x0000000000000408      0x1c0 Drivers/STM32F4xx_HAL_Driver/Src/stm32f4xx_hal_spi.o
 .debug_ranges  0x00000000000005c8      0x398 Drivers/STM32F4xx_HAL_Driver/Src/stm32f4xx_hal_tim.o
 .debug_ranges  0x0000000000000960      0x140 Drivers/STM32F4xx_HAL_Driver/Src/stm32f4xx_hal_tim_ex.o
 .debug_ranges  0x0000000000000aa0      0x1c0 Drivers/STM32F4xx_HAL_Driver/Src/stm32f4xx_hal_uart.o
 .debug_ranges  0x0000000000000c60       0x30 FreeRTOS/list.o
 .debug_ranges  0x0000000000000c90      0x120 FreeRTOS/queue.o
 .debug_ranges  0x0000000000000db0       0xc8 FreeRTOS/stream_buffer.o
 .debug_ranges  0x0000000000000e78      0x1d8 FreeRTOS/tasks.o
 .debug_ranges  0x0000000000001050       0xc0 FreeRTOS/timers.o
 .debug_ranges  0x0000000000001110       0x70 FreeRTOS/portable/ARM_CM4F/port.o
 .debug_ranges  0x0000000000001180       0x40 FreeRTOS/portable/MemMang/heap_4.o

.debug_macro    0x0000000000000000    0x21e4f
 .debug_macro   0x0000000000000000      0x309 Core/Src/main.o
 .debug_macro   0x0000000000000309      0xa5a Core/Src/main.o
 .debug_macro   0x0000000000000d63      0x29a Core/Src/main.o
 .debug_macro   0x0000000000000ffd       0x2e Core/Src/main.o
 .debug_macro   0x000000000000102b       0x2f Core/Src/main.o
 .debug_macro   0x000000000000105a       0x22 Core/Src/main.o
 .debug_macro   0x000000000000107c       0x8e Core/Src/main.o
 .debug_macro   0x000000000000110a       0x51 Core/Src/main.o
 .debug_macro   0x000000000000115b       0xef Core/Src/main.o
 .debug_macro   0x000000000000124a       0x6a Core/Src/main.o
 .debug_macro   0x00000000000012b4      0x1df Core/Src/main.o
 .debug_macro   0x0000000000001493       0x1c Core/Src/main.o
 .debug_macro   0x00000000000014af       0x22 Core/Src/main.o
 .debug_macro   0x00000000000014d1       0xdf Core/Src/main.o
 .debug_macro   0x00000000000015b0     0x102d Core/Src/main.o
 .debug_macro   0x00000000000025dd      0x11f Core/Src/main.o
 .debug_macro   0x00000000000026fc    0x15e3c Core/Src/main.o
 .debug_macro   0x0000000000018538       0x43 Core/Src/main.o
 .debug_macro   0x000000000001857b     0x3659 Core/Src/main.o
 .debug_macro   0x000000000001bbd4      0x174 Core/Src/main.o
 .debug_macro   0x000000000001bd48       0x5a Core/Src/main.o
 .debug_macro   0x000000000001bda2      0x96b Core/Src/main.o
 .debug_macro   0x000000000001c70d      0x9fe Core/Src/main.o
 .debug_macro   0x000000000001d10b      0x117 Core/Src/main.o
 .debug_macro   0x000000000001d222      0x13e Core/Src/main.o
 .debug_macro   0x000000000001d360       0x27 Core/Src/main.o
 .debug_macro   0x000000000001d387      0x174 Core/Src/main.o
 .debug_macro   0x000000000001d4fb      0x287 Core/Src/main.o
 .debug_macro   0x000000000001d782       0x5f Core/Src/main.o
 .debug_macro   0x000000000001d7e1      0x236 Core/Src/main.o
 .debug_macro   0x000000000001da17      0x12c Core/Src/main.o
 .debug_macro   0x000000000001db43      0x21e Core/Src/main.o
 .debug_macro   0x000000000001dd61       0x2e Core/Src/main.o
 .debug_macro   0x000000000001dd8f      0x11a Core/Src/main.o
 .debug_macro   0x000000000001dea9       0x7e Core/Src/main.o
 .debug_macro   0x000000000001df27       0x89 Core/Src/main.o
 .debug_macro   0x000000000001dfb0      0x225 Core/Src/main.o
 .debug_macro   0x000000000001e1d5      0x8a0 Core/Src/main.o
 .debug_macro   0x000000000001ea75       0x47 Core/Src/main.o
 .debug_macro   0x000000000001eabc      0x287 Core/Src/main.o
 .debug_macro   0x000000000001ed43      0x12d Core/Src/main.o
 .debug_macro   0x000000000001ee70      0x10c Core/Src/main.o
 .debug_macro   0x000000000001ef7c      0x15a Core/Src/main.o
 .debug_macro   0x000000000001f0d6       0xe4 Core/Src/main.o
 .debug_macro   0x000000000001f1ba       0x1c Core/Src/main.o
 .debug_macro   0x000000000001f1d6       0x26 Core/Src/main.o
 .debug_macro   0x000000000001f1fc      0x4d3 Core/Src/main.o
 .debug_macro   0x000000000001f6cf       0xb5 Core/Src/main.o
 .debug_macro   0x000000000001f784       0xaa Core/Src/main.o
 .debug_macro   0x000000000001f82e       0x18 Core/Src/main.o
 .debug_macro   0x000000000001f846       0x80 Core/Src/main.o
 .debug_macro   0x000000000001f8c6       0x7e Core/Src/main.o
 .debug_macro   0x000000000001f944      0x1e2 Core/Src/stm32f4xx_hal_msp.o
 .debug_macro   0x000000000001fb26      0x1d8 Core/Src/stm32f4xx_hal_timebase_tim.o
 .debug_macro   0x000000000001fcfe      0x1ec Core/Src/stm32f4xx_it.o
 .debug_macro   0x000000000001feea      0x1de Core/Src/system_stm32f4xx.o
 .debug_macro   0x00000000000200c8      0x238 Drivers/STM32F4xx_HAL_Driver/Src/stm32f4xx_hal.o
 .debug_macro   0x0000000000020300      0x1d8 Drivers/STM32F4xx_HAL_Driver/Src/stm32f4xx_hal_cortex.o
 .debug_macro   0x00000000000204d8      0x20e Drivers/STM32F4xx_HAL_Driver/Src/stm32f4xx_hal_gpio.o
 .debug_macro   0x00000000000206e6      0x1fc Drivers/STM32F4xx_HAL_Driver/Src/stm32f4xx_hal_rcc.o
 .debug_macro   0x00000000000208e2      0x1e7 Drivers/STM32F4xx_HAL_Driver/Src/stm32f4xx_hal_spi.o
 .debug_macro   0x0000000000020ac9      0x1d9 Drivers/STM32F4xx_HAL_Driver/Src/stm32f4xx_hal_tim.o
 .debug_macro   0x0000000000020ca2      0x1d8 Drivers/STM32F4xx_HAL_Driver/Src/stm32f4xx_hal_tim_ex.o
 .debug_macro   0x0000000000020e7a      0x1d9 Drivers/STM32F4xx_HAL_Driver/Src/stm32f4xx_hal_uart.o
 .debug_macro   0x0000000000021053      0x17a FreeRTOS/list.o
 .debug_macro   0x00000000000211cd      0x209 FreeRTOS/queue.o
 .debug_macro   0x00000000000213d6       0x16 FreeRTOS/queue.o
 .debug_macro   0x00000000000213ec       0x20 FreeRTOS/queue.o
 .debug_macro   0x000000000002140c      0x1d4 FreeRTOS/stream_buffer.o
 .debug_macro   0x00000000000215e0       0x46 FreeRTOS/stream_buffer.o
 .debug_macro   0x0000000000021626       0x10 FreeRTOS/stream_buffer.o
 .debug_macro   0x0000000000021636      0x26c FreeRTOS/tasks.o
 .debug_macro   0x00000000000218a2       0x10 FreeRTOS/tasks.o
 .debug_macro   0x00000000000218b2      0x1cf FreeRTOS/timers.o
 .debug_macro   0x0000000000021a81       0x97 FreeRTOS/timers.o
 .debug_macro   0x0000000000021b18      0x196 FreeRTOS/portable/ARM_CM4F/port.o
 .debug_macro   0x0000000000021cae      0x1a1 FreeRTOS/portable/MemMang/heap_4.o

.debug_line     0x0000000000000000     0xdd64
 .debug_line    0x0000000000000000      0xa09 Core/Src/main.o
 .debug_line    0x0000000000000a09      0x712 Core/Src/stm32f4xx_hal_msp.o
 .debug_line    0x000000000000111b      0x6e8 Core/Src/stm32f4xx_hal_timebase_tim.o
 .debug_line    0x0000000000001803      0x74c Core/Src/stm32f4xx_it.o
 .debug_line    0x0000000000001f4f      0x6cf Core/Src/system_stm32f4xx.o
 .debug_line    0x000000000000261e       0x85 Core/Startup/startup_stm32f407vgtx.o
 .debug_line    0x00000000000026a3      0x8b9 Drivers/STM32F4xx_HAL_Driver/Src/stm32f4xx_hal.o
 .debug_line    0x0000000000002f5c      0x9dd Drivers/STM32F4xx_HAL_Driver/Src/stm32f4xx_hal_cortex.o
 .debug_line    0x0000000000003939      0x898 Drivers/STM32F4xx_HAL_Driver/Src/stm32f4xx_hal_gpio.o
 .debug_line    0x00000000000041d1      0x911 Drivers/STM32F4xx_HAL_Driver/Src/stm32f4xx_hal_rcc.o
 .debug_line    0x0000000000004ae2     0x1075 Drivers/STM32F4xx_HAL_Driver/Src/stm32f4xx_hal_spi.o
 .debug_line    0x0000000000005b57     0x1932 Drivers/STM32F4xx_HAL_Driver/Src/stm32f4xx_hal_tim.o
 .debug_line    0x0000000000007489      0xccf Drivers/STM32F4xx_HAL_Driver/Src/stm32f4xx_hal_tim_ex.o
 .debug_line    0x0000000000008158      0xfc7 Drivers/STM32F4xx_HAL_Driver/Src/stm32f4xx_hal_uart.o
 .debug_line    0x000000000000911f      0x658 FreeRTOS/list.o
 .debug_line    0x0000000000009777      0xfa6 FreeRTOS/queue.o
 .debug_line    0x000000000000a71d      0xbd6 FreeRTOS/stream_buffer.o
 .debug_line    0x000000000000b2f3     0x1295 FreeRTOS/tasks.o
 .debug_line    0x000000000000c588      0x9c9 FreeRTOS/timers.o
 .debug_line    0x000000000000cf51      0x6d5 FreeRTOS/portable/ARM_CM4F/port.o
 .debug_line    0x000000000000d626      0x73e FreeRTOS/portable/MemMang/heap_4.o

.debug_str      0x0000000000000000    0xd3307
 .debug_str     0x0000000000000000    0xc965f Core/Src/main.o
                                      0xc9a47 (size before relaxing)
 .debug_str     0x00000000000c965f       0x7d Core/Src/stm32f4xx_hal_msp.o
                                      0xc3f41 (size before relaxing)
 .debug_str     0x00000000000c96dc       0xaa Core/Src/stm32f4xx_hal_timebase_tim.o
                                      0xc42eb (size before relaxing)
 .debug_str     0x00000000000c9786       0xb3 Core/Src/stm32f4xx_it.o
                                      0xc3cab (size before relaxing)
 .debug_str     0x00000000000c9839       0xc4 Core/Src/system_stm32f4xx.o
                                      0xc3975 (size before relaxing)
 .debug_str     0x00000000000c98fd       0x36 Core/Startup/startup_stm32f407vgtx.o
                                         0x82 (size before relaxing)
 .debug_str     0x00000000000c9933      0x542 Drivers/STM32F4xx_HAL_Driver/Src/stm32f4xx_hal.o
                                      0xc4442 (size before relaxing)
 .debug_str     0x00000000000c9e75      0x392 Drivers/STM32F4xx_HAL_Driver/Src/stm32f4xx_hal_cortex.o
                                      0xc4231 (size before relaxing)
 .debug_str     0x00000000000ca207      0x1ec Drivers/STM32F4xx_HAL_Driver/Src/stm32f4xx_hal_gpio.o
                                      0xc3bb4 (size before relaxing)
 .debug_str     0x00000000000ca3f3      0x24f Drivers/STM32F4xx_HAL_Driver/Src/stm32f4xx_hal_rcc.o
                                      0xc3d62 (size before relaxing)
 .debug_str     0x00000000000ca642      0x560 Drivers/STM32F4xx_HAL_Driver/Src/stm32f4xx_hal_spi.o
                                      0xc41e3 (size before relaxing)
 .debug_str     0x00000000000caba2      0xd69 Drivers/STM32F4xx_HAL_Driver/Src/stm32f4xx_hal_tim.o
                                      0xc4a81 (size before relaxing)
 .debug_str     0x00000000000cb90b      0x4ec Drivers/STM32F4xx_HAL_Driver/Src/stm32f4xx_hal_tim_ex.o
                                      0xc4281 (size before relaxing)
 .debug_str     0x00000000000cbdf7      0x507 Drivers/STM32F4xx_HAL_Driver/Src/stm32f4xx_hal_uart.o
                                      0xc41c1 (size before relaxing)
 .debug_str     0x00000000000cc2fe     0x30c8 FreeRTOS/list.o
                                       0xa81c (size before relaxing)
 .debug_str     0x00000000000cf3c6      0x93d FreeRTOS/queue.o
                                       0xbf1e (size before relaxing)
 .debug_str     0x00000000000cfd03      0xc2c FreeRTOS/stream_buffer.o
                                       0xbcdb (size before relaxing)
 .debug_str     0x00000000000d092f     0x1ac9 FreeRTOS/tasks.o
                                       0xcbb9 (size before relaxing)
 .debug_str     0x00000000000d23f8      0x4fd FreeRTOS/timers.o
                                       0xc31f (size before relaxing)
 .debug_str     0x00000000000d28f5      0x7e0 FreeRTOS/portable/ARM_CM4F/port.o
                                       0x85e1 (size before relaxing)
 .debug_str     0x00000000000d30d5      0x232 FreeRTOS/portable/MemMang/heap_4.o
                                       0xb00f (size before relaxing)

.comment        0x0000000000000000       0x7b
 .comment       0x0000000000000000       0x7b Core/Src/main.o
                                         0x7c (size before relaxing)
 .comment       0x000000000000007b       0x7c Core/Src/stm32f4xx_hal_msp.o
 .comment       0x000000000000007b       0x7c Core/Src/stm32f4xx_hal_timebase_tim.o
 .comment       0x000000000000007b       0x7c Core/Src/stm32f4xx_it.o
 .comment       0x000000000000007b       0x7c Core/Src/system_stm32f4xx.o
 .comment       0x000000000000007b       0x7c Drivers/STM32F4xx_HAL_Driver/Src/stm32f4xx_hal.o
 .comment       0x000000000000007b       0x7c Drivers/STM32F4xx_HAL_Driver/Src/stm32f4xx_hal_cortex.o
 .comment       0x000000000000007b       0x7c Drivers/STM32F4xx_HAL_Driver/Src/stm32f4xx_hal_gpio.o
 .comment       0x000000000000007b       0x7c Drivers/STM32F4xx_HAL_Driver/Src/stm32f4xx_hal_rcc.o
 .comment       0x000000000000007b       0x7c Drivers/STM32F4xx_HAL_Driver/Src/stm32f4xx_hal_spi.o
 .comment       0x000000000000007b       0x7c Drivers/STM32F4xx_HAL_Driver/Src/stm32f4xx_hal_tim.o
 .comment       0x000000000000007b       0x7c Drivers/STM32F4xx_HAL_Driver/Src/stm32f4xx_hal_tim_ex.o
 .comment       0x000000000000007b       0x7c Drivers/STM32F4xx_HAL_Driver/Src/stm32f4xx_hal_uart.o
 .comment       0x000000000000007b       0x7c FreeRTOS/list.o
 .comment       0x000000000000007b       0x7c FreeRTOS/queue.o
 .comment       0x000000000000007b       0x7c FreeRTOS/stream_buffer.o
 .comment       0x000000000000007b       0x7c FreeRTOS/tasks.o
 .comment       0x000000000000007b       0x7c FreeRTOS/timers.o
 .comment       0x000000000000007b       0x7c FreeRTOS/portable/ARM_CM4F/port.o
 .comment       0x000000000000007b       0x7c FreeRTOS/portable/MemMang/heap_4.o

.debug_frame    0x0000000000000000     0x500c
 .debug_frame   0x0000000000000000      0x250 Core/Src/main.o
 .debug_frame   0x0000000000000250       0xc8 Core/Src/stm32f4xx_hal_msp.o
 .debug_frame   0x0000000000000318       0x74 Core/Src/stm32f4xx_hal_timebase_tim.o
 .debug_frame   0x000000000000038c       0xe0 Core/Src/stm32f4xx_it.o
 .debug_frame   0x000000000000046c       0x58 Core/Src/system_stm32f4xx.o
 .debug_frame   0x00000000000004c4      0x374 Drivers/STM32F4xx_HAL_Driver/Src/stm32f4xx_hal.o
 .debug_frame   0x0000000000000838      0x498 Drivers/STM32F4xx_HAL_Driver/Src/stm32f4xx_hal_cortex.o
 .debug_frame   0x0000000000000cd0      0x14c Drivers/STM32F4xx_HAL_Driver/Src/stm32f4xx_hal_gpio.o
 .debug_frame   0x0000000000000e1c      0x1f0 Drivers/STM32F4xx_HAL_Driver/Src/stm32f4xx_hal_rcc.o
 .debug_frame   0x000000000000100c      0x824 Drivers/STM32F4xx_HAL_Driver/Src/stm32f4xx_hal_spi.o
 .debug_frame   0x0000000000001830     0x10f0 Drivers/STM32F4xx_HAL_Driver/Src/stm32f4xx_hal_tim.o
 .debug_frame   0x0000000000002920      0x5c0 Drivers/STM32F4xx_HAL_Driver/Src/stm32f4xx_hal_tim_ex.o
 .debug_frame   0x0000000000002ee0      0x844 Drivers/STM32F4xx_HAL_Driver/Src/stm32f4xx_hal_uart.o
 .debug_frame   0x0000000000003724       0xd8 FreeRTOS/list.o
 .debug_frame   0x00000000000037fc      0x530 FreeRTOS/queue.o
 .debug_frame   0x0000000000003d2c      0x3a0 FreeRTOS/stream_buffer.o
 .debug_frame   0x00000000000040cc      0x854 FreeRTOS/tasks.o
 .debug_frame   0x0000000000004920      0x368 FreeRTOS/timers.o
 .debug_frame   0x0000000000004c88      0x1a8 FreeRTOS/portable/ARM_CM4F/port.o
 .debug_frame   0x0000000000004e30      0x108 FreeRTOS/portable/MemMang/heap_4.o
 .debug_frame   0x0000000000004f38       0x2c /opt/st/stm32cubeide_1.5.1/plugins/com.st.stm32cube.ide.mcu.externaltools.gnu-tools-for-stm32.7-2018-q2-update.linux64_1.5.0.202011040924/tools/bin/../lib/gcc/arm-none-eabi/7.3.1/../../../../arm-none-eabi/lib/thumb/v7e-m/fpv4-sp/hard/libc_nano.a(lib_a-init.o)
 .debug_frame   0x0000000000004f64       0x28 /opt/st/stm32cubeide_1.5.1/plugins/com.st.stm32cube.ide.mcu.externaltools.gnu-tools-for-stm32.7-2018-q2-update.linux64_1.5.0.202011040924/tools/bin/../lib/gcc/arm-none-eabi/7.3.1/../../../../arm-none-eabi/lib/thumb/v7e-m/fpv4-sp/hard/libc_nano.a(lib_a-memcpy-stub.o)
 .debug_frame   0x0000000000004f8c       0x20 /opt/st/stm32cubeide_1.5.1/plugins/com.st.stm32cube.ide.mcu.externaltools.gnu-tools-for-stm32.7-2018-q2-update.linux64_1.5.0.202011040924/tools/bin/../lib/gcc/arm-none-eabi/7.3.1/../../../../arm-none-eabi/lib/thumb/v7e-m/fpv4-sp/hard/libc_nano.a(lib_a-memset.o)
 .debug_frame   0x0000000000004fac       0x2c /opt/st/stm32cubeide_1.5.1/plugins/com.st.stm32cube.ide.mcu.externaltools.gnu-tools-for-stm32.7-2018-q2-update.linux64_1.5.0.202011040924/tools/bin/../lib/gcc/arm-none-eabi/7.3.1/thumb/v7e-m/fpv4-sp/hard/libgcc.a(_aeabi_uldivmod.o)
 .debug_frame   0x0000000000004fd8       0x34 /opt/st/stm32cubeide_1.5.1/plugins/com.st.stm32cube.ide.mcu.externaltools.gnu-tools-for-stm32.7-2018-q2-update.linux64_1.5.0.202011040924/tools/bin/../lib/gcc/arm-none-eabi/7.3.1/thumb/v7e-m/fpv4-sp/hard/libgcc.a(_udivmoddi4.o)
