stream_buffer.c:420:30:xStreamBufferGenericCreate	56	static,ignoring_inline_asm
stream_buffer.c:574:6:vStreamBufferDelete	24	static,ignoring_inline_asm
stream_buffer.c:607:12:xStreamBufferReset	48	static,ignoring_inline_asm
stream_buffer.c:669:12:xStreamBufferSetTriggerLevel	32	static,ignoring_inline_asm
stream_buffer.c:699:8:xStreamBufferSpacesAvailable	32	static,ignoring_inline_asm
stream_buffer.c:731:8:xStreamBufferBytesAvailable	32	static,ignoring_inline_asm
stream_buffer.c:743:8:xStreamBufferSend	80	static,ignoring_inline_asm
stream_buffer.c:874:8:xStreamBufferSendFromISR	72	static,ignoring_inline_asm
stream_buffer.c:925:15:prvWriteMessageToBuffer	32	static
stream_buffer.c:968:8:xStreamBufferReceive	56	static,ignoring_inline_asm
stream_buffer.c:1072:8:xStreamBufferNextMessageLengthBytes	40	static,ignoring_inline_asm
stream_buffer.c:1112:8:xStreamBufferReceiveFromISR	72	static,ignoring_inline_asm
stream_buffer.c:1169:15:prvReadMessageFromBuffer	40	static
stream_buffer.c:1221:12:xStreamBufferIsEmpty	32	static,ignoring_inline_asm
stream_buffer.c:1245:12:xStreamBufferIsFull	32	static,ignoring_inline_asm
stream_buffer.c:1280:12:xStreamBufferSendCompletedFromISR	56	static,ignoring_inline_asm
stream_buffer.c:1311:12:xStreamBufferReceiveCompletedFromISR	56	static,ignoring_inline_asm
stream_buffer.c:1342:15:prvWriteBytesToBuffer	40	static,ignoring_inline_asm
stream_buffer.c:1388:15:prvReadBytesFromBuffer	40	static,ignoring_inline_asm
stream_buffer.c:1432:15:prvBytesInBuffer	24	static
stream_buffer.c:1479:18:prvInitialiseNewStreamBuffer	32	static,ignoring_inline_asm
stream_buffer.c:1509:17:uxStreamBufferGetStreamBufferNumber	16	static
stream_buffer.c:1519:10:vStreamBufferSetStreamBufferNumber	16	static
stream_buffer.c:1530:13:ucStreamBufferGetStreamBufferType	16	static
