main.c:111:6:MEMS_Write	16	static
main.c:117:6:MEMS_Read	16	static
main.c:124:6:MEMS_init	8	static
main.c:144:5:main	16	static
main.c:204:6:SystemClock_Config	88	static
main.c:244:13:MX_SPI1_Init	8	static
main.c:282:13:MX_USART2_UART_Init	8	static
main.c:315:13:MX_GPIO_Init	40	static
main.c:357:6:sender	24	static
main.c:367:6:green_blink	8	static
main.c:384:6:orange_blink	40	static
main.c:422:6:HAL_GPIO_EXTI_Callback	16	static,ignoring_inline_asm
main.c:443:6:func1	48	static
main.c:450:6:func2	48	static
main.c:457:6:vGenerateCoreBInterrupt	56	static
main.c:474:6:HAL_TIM_PeriodElapsedCallback	16	static
main.c:491:6:Error_Handler	4	static,ignoring_inline_asm
