main.c:104:6:MEMS_Write	16	static
main.c:110:6:MEMS_Read	16	static
main.c:117:6:MEMS_init	8	static
main.c:137:5:main	16	static
main.c:196:6:SystemClock_Config	88	static
main.c:236:13:MX_SPI1_Init	8	static
main.c:274:13:MX_USART2_UART_Init	8	static
main.c:307:13:MX_GPIO_Init	40	static
main.c:349:6:green_blink	8	static
main.c:366:6:orange_blink	32	static
main.c:401:6:HAL_GPIO_EXTI_Callback	24	static,ignoring_inline_asm
main.c:432:6:HAL_TIM_PeriodElapsedCallback	16	static
main.c:449:6:Error_Handler	4	static,ignoring_inline_asm
